Archive member included to satisfy reference by file (symbol)

/opt/devkitpro/libctru/lib/libctru.a(os.o)
                              client.o (usleep)
/opt/devkitpro/libctru/lib/libctru.a(console.o)
                              client.o (consoleInit)
/opt/devkitpro/libctru/lib/libctru.a(gfx.o)
                              /opt/devkitpro/libctru/lib/libctru.a(console.o) (gfxSetScreenFormat)
/opt/devkitpro/libctru/lib/libctru.a(gx.o)
                              /opt/devkitpro/libctru/lib/libctru.a(gfx.o) (gxCmdBuf)
/opt/devkitpro/libctru/lib/libctru.a(gspgpu.o)
                              /opt/devkitpro/libctru/lib/libctru.a(gfx.o) (gspInit)
/opt/devkitpro/libctru/lib/libctru.a(hid.o)
                              client.o (hidScanInput)
/opt/devkitpro/libctru/lib/libctru.a(apt.o)
                              client.o (aptMainLoop)
/opt/devkitpro/libctru/lib/libctru.a(ptmsysm.o)
                              /opt/devkitpro/libctru/lib/libctru.a(os.o) (ptmSysmInit)
/opt/devkitpro/libctru/lib/libctru.a(soc_inet_addr.o)
                              client.o (inet_addr)
/opt/devkitpro/libctru/lib/libctru.a(soc_connect.o)
                              client.o (connect)
/opt/devkitpro/libctru/lib/libctru.a(soc_socket.o)
                              client.o (socket)
/opt/devkitpro/libctru/lib/libctru.a(soc_recv.o)
                              client.o (recv)
/opt/devkitpro/libctru/lib/libctru.a(soc_init.o)
                              client.o (socInit)
/opt/devkitpro/libctru/lib/libctru.a(soc_common.o)
                              /opt/devkitpro/libctru/lib/libctru.a(soc_connect.o) (_net_convert_error)
/opt/devkitpro/libctru/lib/libctru.a(soc_sendto.o)
                              /opt/devkitpro/libctru/lib/libctru.a(soc_init.o) (soc_sendto)
/opt/devkitpro/libctru/lib/libctru.a(soc_inet_aton.o)
                              /opt/devkitpro/libctru/lib/libctru.a(soc_inet_addr.o) (inet_aton)
/opt/devkitpro/libctru/lib/libctru.a(soc_recvfrom.o)
                              /opt/devkitpro/libctru/lib/libctru.a(soc_init.o) (soc_recvfrom)
/opt/devkitpro/libctru/lib/libctru.a(soc_send.o)
                              client.o (send)
/opt/devkitpro/libctru/lib/libctru.a(initSystem.o)
                              /opt/devkitpro/libctru/lib/libctru.a(apt.o) (__system_retAddr)
/opt/devkitpro/libctru/lib/libctru.a(syscalls.o)
                              /opt/devkitpro/libctru/lib/libctru.a(initSystem.o) (__system_initSyscalls)
/opt/devkitpro/libctru/lib/libctru.a(allocateHeaps.o)
                              /opt/devkitpro/libctru/lib/libctru.a(initSystem.o) (__system_allocateHeaps)
/opt/devkitpro/libctru/lib/libctru.a(initArgv.o)
                              /opt/devkitpro/libctru/lib/libctru.a(initSystem.o) (__system_initArgv)
/opt/devkitpro/libctru/lib/libctru.a(svc.o)
                              /opt/devkitpro/libctru/lib/libctru.a(allocateHeaps.o) (svcControlMemory)
/opt/devkitpro/libctru/lib/libctru.a(stack_adjust.o)
                              /opt/devkitpro/devkitARM/lib/gcc/arm-none-eabi/5.3.0/../../../../arm-none-eabi/lib/armv6k/fpu/3dsx_crt0.o (initSystem)
/opt/devkitpro/libctru/lib/libctru.a(default_font.bin.o)
                              /opt/devkitpro/libctru/lib/libctru.a(console.o) (default_font_bin)
/opt/devkitpro/libctru/lib/libctru.a(vram.o)
                              /opt/devkitpro/libctru/lib/libctru.a(gfx.o) (vramAlloc)
/opt/devkitpro/libctru/lib/libctru.a(mappable.o)
                              /opt/devkitpro/libctru/lib/libctru.a(gfx.o) (mappableAlloc)
/opt/devkitpro/libctru/lib/libctru.a(linear.o)
                              /opt/devkitpro/libctru/lib/libctru.a(gfx.o) (linearAlloc)
/opt/devkitpro/libctru/lib/libctru.a(mem_pool.o)
                              /opt/devkitpro/libctru/lib/libctru.a(vram.o) (MemPool::Allocate(MemChunk&, unsigned long, int))
/opt/devkitpro/libctru/lib/libctru.a(synchronization.o)
                              /opt/devkitpro/libctru/lib/libctru.a(initSystem.o) (__sync_init)
/opt/devkitpro/libctru/lib/libctru.a(srv.o)
                              /opt/devkitpro/libctru/lib/libctru.a(apt.o) (srvInit)
/opt/devkitpro/libctru/lib/libctru.a(thread.o)
                              /opt/devkitpro/libctru/lib/libctru.a(gspgpu.o) (threadCreate)
/opt/devkitpro/libctru/lib/libctru.a(irrst.o)
                              /opt/devkitpro/libctru/lib/libctru.a(hid.o) (irrstScanInput)
/opt/devkitpro/libctru/lib/libctru.a(rbtree_init.o)
                              /opt/devkitpro/libctru/lib/libctru.a(vram.o) (rbtree_init)
/opt/devkitpro/libctru/lib/libctru.a(rbtree_insert.o)
                              /opt/devkitpro/libctru/lib/libctru.a(vram.o) (rbtree_insert)
/opt/devkitpro/libctru/lib/libctru.a(rbtree_rotate.o)
                              /opt/devkitpro/libctru/lib/libctru.a(rbtree_insert.o) (rbtree_rotate)
/opt/devkitpro/libctru/lib/libctru.a(rbtree_remove.o)
[...]
Memory Configuration

Name             Origin             Length             Attributes
*default*        0x0000000000000000 0xffffffffffffffff

Linker script and memory map

                0x0000000000100000                . = 0x100000
                0x0000000000100000                __start__ = .

.text           0x0000000000100000    0x24c90
 *(.crt0)
 .crt0          0x0000000000100000       0x94 /opt/devkitpro/devkitARM/lib/gcc/arm-none-eabi/5.3.0/../../../../arm-none-eabi/lib/armv6k/fpu/3dsx_crt0.o
                0x0000000000100000                _start
                0x0000000000100008                __service_ptr
                0x000000000010000c                __apt_appid
                0x0000000000100010                __heap_size
                0x0000000000100014                __linear_heap_size
                0x0000000000100018                __system_arglist
                0x000000000010001c                __system_runflags
 *(.init)
 .init          0x0000000000100094        0xc /opt/devkitpro/devkitARM/lib/gcc/arm-none-eabi/5.3.0/armv6k/fpu/crti.o
                0x0000000000100094                _init
 .init          0x00000000001000a0        0xc /opt/devkitpro/devkitARM/lib/gcc/arm-none-eabi/5.3.0/armv6k/fpu/crtn.o
                0x00000000001000ac                . = ALIGN (0x4)
 *(.text)
 .text          0x00000000001000ac      0x108 /opt/devkitpro/devkitARM/lib/gcc/arm-none-eabi/5.3.0/armv6k/fpu/crtbegin.o
 .text          0x00000000001001b4       0x64 /opt/devkitpro/libctru/lib/libctru.a(stack_adjust.o)
                0x00000000001001b4                initSystem
                0x00000000001001f8                __ctru_exit
 .text          0x0000000000100218      0x240 /opt/devkitpro/devkitARM/lib/gcc/arm-none-eabi/5.3.0/armv6k/fpu/libgcc.a(_divsi3.o)
                0x0000000000100218                __aeabi_idiv
                0x0000000000100218                __divsi3
                0x0000000000100438                __aeabi_idivmod
 .text          0x0000000000100458        0x4 /opt/devkitpro/devkitARM/lib/gcc/arm-none-eabi/5.3.0/armv6k/fpu/libgcc.a(_dvmd_tls.o)
                0x0000000000100458                __aeabi_ldiv0
                0x0000000000100458                __aeabi_idiv0
 .text          0x000000000010045c       0x3c /opt/devkitpro/devkitARM/lib/gcc/arm-none-eabi/5.3.0/armv6k/fpu/libgcc.a(_aeabi_uldivmod.o)
                0x000000000010045c                __aeabi_uldivmod
 .text          0x0000000000100498      0x128 /opt/devkitpro/devkitARM/lib/gcc/arm-none-eabi/5.3.0/armv6k/fpu/libgcc.a(_udivmoddi4.o)
                0x0000000000100498                __udivmoddi4
 .text          0x00000000001005c0      0x3a0 /opt/devkitpro/devkitARM/lib/gcc/arm-none-eabi/5.3.0/../../../../arm-none-eabi/lib/armv6k/fpu/libg.a(lib_a-strcmp.o)
                0x00000000001005c8                strcmp
 .text          0x0000000000100960      0x1c4 /opt/devkitpro/devkitARM/lib/gcc/arm-none-eabi/5.3.0/../../../../arm-none-eabi/lib/armv6k/fpu/libsysbase.a(iosupport.o)
                0x0000000000100968                setDefaultDevice
                0x0000000000100980                FindDevice
                0x0000000000100a3c                RemoveDevice
                0x0000000000100a68                AddDevice
                0x0000000000100b00                GetDeviceOpTab
 .text          0x0000000000100b24       0x7c /opt/devkitpro/devkitARM/lib/gcc/arm-none-eabi/5.3.0/../../../../arm-none-eabi/lib/armv6k/fpu/libsysbase.a(close.o)
                0x0000000000100b24                _close_r
 .text          0x0000000000100ba0       0x6c /opt/devkitpro/devkitARM/lib/gcc/arm-none-eabi/5.3.0/../../../../arm-none-eabi/lib/armv6k/fpu/libsysbase.a(fstat.o)
                0x0000000000100ba0                _fstat_r
 .text          0x0000000000100c0c        0x8 /opt/devkitpro/devkitARM/lib/gcc/arm-none-eabi/5.3.0/../../../../arm-none-eabi/lib/armv6k/fpu/libsysbase.a(isatty.o)
                0x0000000000100c0c                _isatty_r
 .text          0x0000000000100c14       0x78 /opt/devkitpro/devkitARM/lib/gcc/arm-none-eabi/5.3.0/../../../../arm-none-eabi/lib/armv6k/fpu/libsysbase.a(lseek.o)
                0x0000000000100c14                _lseek_r
 .text          0x0000000000100c8c       0x78 /opt/devkitpro/devkitARM/lib/gcc/arm-none-eabi/5.3.0/../../../../arm-none-eabi/lib/armv6k/fpu/libsysbase.a(read.o)
                0x0000000000100c8c                _read_r
 .text          0x0000000000100d04       0x70 /opt/devkitpro/devkitARM/lib/gcc/arm-none-eabi/5.3.0/../../../../arm-none-eabi/lib/armv6k/fpu/libsysbase.a(sbrk.o)
                0x0000000000100d04                _sbrk_r
 .text          0x0000000000100d74       0x78 /opt/devkitpro/devkitARM/lib/gcc/arm-none-eabi/5.3.0/../../../../arm-none-eabi/lib/armv6k/fpu/libsysbase.a(write.o)
                0x0000000000100d74                _write_r
 .text          0x0000000000100dec       0x20 /opt/devkitpro/devkitARM/lib/gcc/arm-none-eabi/5.3.0/../../../../arm-none-eabi/lib/armv6k/fpu/libsysbase.a(_exit.o)
                0x0000000000100dec                _exit
 .text          0x0000000000100e0c      0x3b0 /opt/devkitpro/devkitARM/lib/gcc/arm-none-eabi/5.3.0/../../../../arm-none-eabi/lib/armv6k/fpu/libsysbase.a(chdir.o)
                0x0000000000100e0c                _concatenate_path
                0x0000000000100fc8                chdir
                0x000000000010111c                getcwd
 .text          0x00000000001011bc       0x10 /opt/devkitpro/devkitARM/lib/gcc/arm-none-eabi/5.3.0/../../../../arm-none-eabi/lib/armv6k/fpu/libsysbase.a(flock.o)
                0x00000000001011bc                __flockfile
                0x00000000001011c4                __funlockfile
 .text          0x00000000001011cc      0x108 /opt/devkitpro/devkitARM/lib/gcc/arm-none-eabi/5.3.0/../../../../arm-none-eabi/lib/armv6k/fpu/libsysbase.a(syscall_support.o)
                0x00000000001011cc                __libc_lock_init
                0x00000000001011e4                __libc_lock_acquire
                0x00000000001011fc                __libc_lock_try_acquire
                0x0000000000101220                __libc_lock_release
                0x0000000000101238                __libc_lock_close
                0x0000000000101250                __libc_lock_init_recursive
                0x0000000000101268                __libc_lock_acquire_recursive
                0x0000000000101280                __libc_lock_try_acquire_recursive
                0x00000000001012a4                __libc_lock_release_recursive
                0x00000000001012bc                __libc_lock_close_recursive
 .text          0x00000000001012d4      0x2c4 /opt/devkitpro/devkitARM/lib/gcc/arm-none-eabi/5.3.0/../../../../arm-none-eabi/lib/armv6k/fpu/libsysbase.a(handle_manager.o)
                0x00000000001012d4                __free_handle
                0x0000000000101318                __release_handle
                0x0000000000101354                __alloc_handle
                0x00000000001013cc                __get_handle
                0x00000000001013e8                dup
                0x000000000010148c                dup2
 .text          0x0000000000101598       0x28 /opt/devkitpro/devkitARM/lib/gcc/arm-none-eabi/5.3.0/../../../../arm-none-eabi/lib/armv6k/fpu/libsysbase.a(getreent.o)
                0x0000000000101598                __getreent
 .text          0x00000000001015c0      0x20c /opt/devkitpro/devkitARM/lib/gcc/arm-none-eabi/5.3.0/armv6k/fpu/libgcc.a(_udivsi3.o)
                0x00000000001015c0                __udivsi3
                0x00000000001015c0                __aeabi_uidiv
                0x00000000001017ac                __aeabi_uidivmod
 *(.text.*)
 .text.printLog
                0x00000000001017cc       0x60 client.o
                0x00000000001017cc                printLog
 .text.pauseExit
                0x000000000010182c       0x64 client.o
                0x000000000010182c                pauseExit
 .text.socShutdown
                0x0000000000101890       0x18 client.o
                0x0000000000101890                socShutdown
 .text.failExit
                0x00000000001018a8       0x80 client.o
                0x00000000001018a8                failExit
 .text.requestChunk
                0x0000000000101928      0x184 client.o
                0x0000000000101928                requestChunk
 .text.getFrame
                0x0000000000101aac      0x48c client.o
                0x0000000000101aac                getFrame
 .text.sendMouseEvent
                0x0000000000101f38       0x80 client.o
                0x0000000000101f38                sendMouseEvent
 .text.startup.main
                0x0000000000101fb8      0x398 client.o
                0x0000000000101fb8                main
 .text.njDecodeLength
                0x0000000000102350       0x50 nanojpeg.o
 .text.njShowBits.part.0
                0x00000000001023a0       0xfc nanojpeg.o
 .text.njGetVLC
                0x000000000010249c       0xd4 nanojpeg.o
 .text.njInit   0x0000000000102570       0x18 nanojpeg.o
                0x0000000000102570                njInit
 .text.njDone   0x0000000000102588       0x60 nanojpeg.o
                0x0000000000102588                njDone
 .text.njDecode
                0x00000000001025e8     0x1b54 nanojpeg.o
                0x00000000001025e8                njDecode
 .text.njGetWidth
                0x000000000010413c       0x10 nanojpeg.o
                0x000000000010413c                njGetWidth
 .text.njGetHeight
                0x000000000010414c       0x10 nanojpeg.o
                0x000000000010414c                njGetHeight
 .text.njIsColor
                0x000000000010415c       0x18 nanojpeg.o
                0x000000000010415c                njIsColor
 .text.njGetImage
                0x0000000000104174       0x20 nanojpeg.o
                0x0000000000104174                njGetImage
 .text.njGetImageSize
                0x0000000000104194       0x20 nanojpeg.o
                0x0000000000104194                njGetImageSize
 .text.getSysTime
                0x00000000001041b4       0x58 /opt/devkitpro/libctru/lib/libctru.a(os.o)
 .text.osGetMemRegionUsed
                0x000000000010420c       0x24 /opt/devkitpro/libctru/lib/libctru.a(os.o)
                0x000000000010420c                osGetMemRegionUsed
 .text.__libctru_gtod
                0x0000000000104230       0xf8 /opt/devkitpro/libctru/lib/libctru.a(os.o)
                0x0000000000104230                __libctru_gtod
 .text.__ctru_speedup_config
                0x0000000000104328       0x34 /opt/devkitpro/libctru/lib/libctru.a(os.o)
                0x0000000000104328                __ctru_speedup_config
 .text.usleep   0x000000000010435c       0x18 /opt/devkitpro/libctru/lib/libctru.a(os.o)
                0x000000000010435c                usleep
 .text.debug_write
                0x0000000000104374       0x1c /opt/devkitpro/libctru/lib/libctru.a(console.o)
                0x0000000000104374                debug_write
 .text.consoleDrawChar
                0x0000000000104390      0x1ac /opt/devkitpro/libctru/lib/libctru.a(console.o)
                0x0000000000104390                consoleDrawChar
 .text.consolePrintChar
                0x000000000010453c      0x128 /opt/devkitpro/libctru/lib/libctru.a(console.o)
                0x000000000010453c                consolePrintChar
 .text.consoleCls
                0x0000000000104664      0x184 /opt/devkitpro/libctru/lib/libctru.a(console.o)
 .text.consoleInit
                0x00000000001047e8       0xf8 /opt/devkitpro/libctru/lib/libctru.a(console.o)
                0x00000000001047e8                consoleInit
 .text.consoleClearLine
                0x00000000001048e0      0x138 /opt/devkitpro/libctru/lib/libctru.a(console.o)
 .text.newRow   0x0000000000104a18       0xb8 /opt/devkitpro/libctru/lib/libctru.a(console.o)
 .text.con_write
                0x0000000000104ad0      0x870 /opt/devkitpro/libctru/lib/libctru.a(console.o)
                0x0000000000104ad0                con_write
 .text.gfxSetFramebufferInfo.part.0
                0x0000000000105340       0x8c /opt/devkitpro/libctru/lib/libctru.a(gfx.o)
 .text.__get_bytes_per_pixel
                0x00000000001053cc       0x18 /opt/devkitpro/libctru/lib/libctru.a(gfx.o)
                0x00000000001053cc                __get_bytes_per_pixel
 .text.gfxSetScreenFormat
                0x00000000001053e4      0x174 /opt/devkitpro/libctru/lib/libctru.a(gfx.o)
                0x00000000001053e4                gfxSetScreenFormat
 .text.gfxSetDoubleBuffering
                0x0000000000105558       0x14 /opt/devkitpro/libctru/lib/libctru.a(gfx.o)
                0x0000000000105558                gfxSetDoubleBuffering
 .text.gfxSetFramebufferInfo
                0x000000000010556c       0x70 /opt/devkitpro/libctru/lib/libctru.a(gfx.o)
                0x000000000010556c                gfxSetFramebufferInfo
 .text.gfxWriteFramebufferInfo
                0x00000000001055dc       0x88 /opt/devkitpro/libctru/lib/libctru.a(gfx.o)
                0x00000000001055dc                gfxWriteFramebufferInfo
 .text.gfxInit  0x0000000000105664      0x1fc /opt/devkitpro/libctru/lib/libctru.a(gfx.o)
                0x0000000000105664                gfxInit
 .text.gfxInitDefault
                0x0000000000105860       0x10 /opt/devkitpro/libctru/lib/libctru.a(gfx.o)
                0x0000000000105860                gfxInitDefault
 .text.gfxExit  0x0000000000105870       0xe0 /opt/devkitpro/libctru/lib/libctru.a(gfx.o)
                0x0000000000105870                gfxExit
 .text.gfxGetFramebuffer
                0x0000000000105950       0xb0 /opt/devkitpro/libctru/lib/libctru.a(gfx.o)
                0x0000000000105950                gfxGetFramebuffer
 .text.gfxFlushBuffers
                0x0000000000105a00       0xcc /opt/devkitpro/libctru/lib/libctru.a(gfx.o)
                0x0000000000105a00                gfxFlushBuffers
 .text.gfxConfigScreen
                0x0000000000105acc       0x70 /opt/devkitpro/libctru/lib/libctru.a(gfx.o)
                0x0000000000105acc                gfxConfigScreen
 .text.gfxSwapBuffers
                0x0000000000105b3c       0x20 /opt/devkitpro/libctru/lib/libctru.a(gfx.o)
                0x0000000000105b3c                gfxSwapBuffers
 .text.gfxSwapBuffersGpu
                0x0000000000105b5c       0x20 /opt/devkitpro/libctru/lib/libctru.a(gfx.o)
                0x0000000000105b5c                gfxSwapBuffersGpu
 .text.gspEventThreadMain
                0x0000000000105b7c      0x154 /opt/devkitpro/libctru/lib/libctru.a(gspgpu.o)
 .text.gspInit  0x0000000000105cd0       0x74 /opt/devkitpro/libctru/lib/libctru.a(gspgpu.o)
                0x0000000000105cd0                gspInit
 .text.gspExit  0x0000000000105d44       0x3c /opt/devkitpro/libctru/lib/libctru.a(gspgpu.o)
                0x0000000000105d44                gspExit
 .text.gspInitEventHandler
                0x0000000000105d80       0x84 /opt/devkitpro/libctru/lib/libctru.a(gspgpu.o)
                0x0000000000105d80                gspInitEventHandler
 .text.gspExitEventHandler
                0x0000000000105e04       0x30 /opt/devkitpro/libctru/lib/libctru.a(gspgpu.o)
                0x0000000000105e04                gspExitEventHandler
 .text.gspWaitForEvent
                0x0000000000105e34       0x44 /opt/devkitpro/libctru/lib/libctru.a(gspgpu.o)
                0x0000000000105e34                gspWaitForEvent
 .text.GSPGPU_SetBufferSwap
                0x0000000000105e78       0x6c /opt/devkitpro/libctru/lib/libctru.a(gspgpu.o)
                0x0000000000105e78                GSPGPU_SetBufferSwap
 .text.GSPGPU_FlushDataCache
                0x0000000000105ee4       0x4c /opt/devkitpro/libctru/lib/libctru.a(gspgpu.o)
                0x0000000000105ee4                GSPGPU_FlushDataCache
 .text.GSPGPU_SetLcdForceBlack
                0x0000000000105f30       0x34 /opt/devkitpro/libctru/lib/libctru.a(gspgpu.o)
                0x0000000000105f30                GSPGPU_SetLcdForceBlack
 .text.GSPGPU_RegisterInterruptRelayQueue
                0x0000000000105f64       0x64 /opt/devkitpro/libctru/lib/libctru.a(gspgpu.o)
                0x0000000000105f64                GSPGPU_RegisterInterruptRelayQueue
 .text.GSPGPU_UnregisterInterruptRelayQueue
                0x0000000000105fc8       0x2c /opt/devkitpro/libctru/lib/libctru.a(gspgpu.o)
                0x0000000000105fc8                GSPGPU_UnregisterInterruptRelayQueue
 .text.GSPGPU_AcquireRight
                0x0000000000105ff4       0x48 /opt/devkitpro/libctru/lib/libctru.a(gspgpu.o)
                0x0000000000105ff4                GSPGPU_AcquireRight
 .text.GSPGPU_ReleaseRight
                0x000000000010603c       0x2c /opt/devkitpro/libctru/lib/libctru.a(gspgpu.o)
                0x000000000010603c                GSPGPU_ReleaseRight
 .text.GSPGPU_ImportDisplayCaptureInfo
                0x0000000000106068       0x80 /opt/devkitpro/libctru/lib/libctru.a(gspgpu.o)
                0x0000000000106068                GSPGPU_ImportDisplayCaptureInfo
 .text.GSPGPU_SaveVramSysArea
                0x00000000001060e8       0x2c /opt/devkitpro/libctru/lib/libctru.a(gspgpu.o)
                0x00000000001060e8                GSPGPU_SaveVramSysArea
 .text.GSPGPU_RestoreVramSysArea
                0x0000000000106114       0x2c /opt/devkitpro/libctru/lib/libctru.a(gspgpu.o)
                0x0000000000106114                GSPGPU_RestoreVramSysArea
 .text.hidExit  0x0000000000106140       0xd8 /opt/devkitpro/libctru/lib/libctru.a(hid.o)
                0x0000000000106140                hidExit
 .text.hidScanInput
                0x0000000000106218      0x238 /opt/devkitpro/libctru/lib/libctru.a(hid.o)
                0x0000000000106218                hidScanInput
 .text.hidKeysHeld
                0x0000000000106450       0x10 /opt/devkitpro/libctru/lib/libctru.a(hid.o)
                0x0000000000106450                hidKeysHeld
 .text.hidKeysDown
                0x0000000000106460       0x10 /opt/devkitpro/libctru/lib/libctru.a(hid.o)
                0x0000000000106460                hidKeysDown
 .text.hidCircleRead
                0x0000000000106470       0x18 /opt/devkitpro/libctru/lib/libctru.a(hid.o)
                0x0000000000106470                hidCircleRead
 .text.HIDUSER_GetHandles
                0x0000000000106488       0x90 /opt/devkitpro/libctru/lib/libctru.a(hid.o)
                0x0000000000106488                HIDUSER_GetHandles
 .text.hidInit  0x0000000000106518      0x184 /opt/devkitpro/libctru/lib/libctru.a(hid.o)
                0x0000000000106518                hidInit
 .text._aptDebug
                0x000000000010669c        0x4 /opt/devkitpro/libctru/lib/libctru.a(apt.o)
                0x000000000010669c                _aptDebug
 .text.aptSendCommand
                0x00000000001066a0      0x12c /opt/devkitpro/libctru/lib/libctru.a(apt.o)
                0x00000000001066a0                aptSendCommand
 .text.aptExitProcess
                0x00000000001067cc       0x3c /opt/devkitpro/libctru/lib/libctru.a(apt.o)
 .text.APT_InquireNotification
                0x0000000000106808       0x4c /opt/devkitpro/libctru/lib/libctru.a(apt.o)
                0x0000000000106808                APT_InquireNotification
 .text.aptEventHandler
                0x0000000000106854      0x198 /opt/devkitpro/libctru/lib/libctru.a(apt.o)
 .text.APT_AppletUtility
                0x00000000001069ec       0x74 /opt/devkitpro/libctru/lib/libctru.a(apt.o)
                0x00000000001069ec                APT_AppletUtility
 .text.aptSetSleepAllowed
                0x0000000000106a60       0xb0 /opt/devkitpro/libctru/lib/libctru.a(apt.o)
                0x0000000000106a60                aptSetSleepAllowed
 .text.APT_GlanceParameter
                0x0000000000106b10       0xb4 /opt/devkitpro/libctru/lib/libctru.a(apt.o)
                0x0000000000106b10                APT_GlanceParameter
 .text.APT_ReceiveParameter
                0x0000000000106bc4       0xc0 /opt/devkitpro/libctru/lib/libctru.a(apt.o)
                0x0000000000106bc4                APT_ReceiveParameter
 .text.aptReceiveParameter.constprop.1
                0x0000000000106c84       0xa8 /opt/devkitpro/libctru/lib/libctru.a(apt.o)
 *fill*         0x0000000000106d2c        0x4 
 .text.aptScreenTransfer
                0x0000000000106d30      0x1d8 /opt/devkitpro/libctru/lib/libctru.a(apt.o)
 .text.aptWaitForWakeUp
                0x0000000000106f08      0x224 /opt/devkitpro/libctru/lib/libctru.a(apt.o)
 .text.APT_CancelParameter
                0x000000000010712c       0x70 /opt/devkitpro/libctru/lib/libctru.a(apt.o)
                0x000000000010712c                APT_CancelParameter
 .text.aptInit  0x000000000010719c      0x21c /opt/devkitpro/libctru/lib/libctru.a(apt.o)
                0x000000000010719c                aptInit
 .text.aptClearParamQueue
                0x00000000001073b8       0x88 /opt/devkitpro/libctru/lib/libctru.a(apt.o)
 .text.aptMainLoop
                0x0000000000107440      0x208 /opt/devkitpro/libctru/lib/libctru.a(apt.o)
                0x0000000000107440                aptMainLoop
 .text.aptExit  0x0000000000107648      0x148 /opt/devkitpro/libctru/lib/libctru.a(apt.o)
                0x0000000000107648                aptExit
 .text.APT_CheckNew3DS
                0x0000000000107790       0x70 /opt/devkitpro/libctru/lib/libctru.a(apt.o)
                0x0000000000107790                APT_CheckNew3DS
 .text.ptmSysmInit
                0x0000000000107800       0x70 /opt/devkitpro/libctru/lib/libctru.a(ptmsysm.o)
                0x0000000000107800                ptmSysmInit
 .text.ptmSysmExit
                0x0000000000107870       0x34 /opt/devkitpro/libctru/lib/libctru.a(ptmsysm.o)
                0x0000000000107870                ptmSysmExit
 .text.PTMSYSM_ConfigureNew3DSCPU
                0x00000000001078a4       0x34 /opt/devkitpro/libctru/lib/libctru.a(ptmsysm.o)
                0x00000000001078a4                PTMSYSM_ConfigureNew3DSCPU
 .text.inet_addr
                0x00000000001078d8       0x24 /opt/devkitpro/libctru/lib/libctru.a(soc_inet_addr.o)
                0x00000000001078d8                inet_addr
 .text.connect  0x00000000001078fc      0x184 /opt/devkitpro/libctru/lib/libctru.a(soc_connect.o)
                0x00000000001078fc                connect
 .text.socket   0x0000000000107a80      0x170 /opt/devkitpro/libctru/lib/libctru.a(soc_socket.o)
                0x0000000000107a80                socket
 .text.recv     0x0000000000107bf0       0x20 /opt/devkitpro/libctru/lib/libctru.a(soc_recv.o)
                0x0000000000107bf0                recv
 .text.soc_open
                0x0000000000107c10       0x10 /opt/devkitpro/libctru/lib/libctru.a(soc_init.o)
 .text.soc_read
                0x0000000000107c20       0x30 /opt/devkitpro/libctru/lib/libctru.a(soc_init.o)
 .text.soc_write
                0x0000000000107c50       0x30 /opt/devkitpro/libctru/lib/libctru.a(soc_init.o)
 .text.soc_close
                0x0000000000107c80       0x98 /opt/devkitpro/libctru/lib/libctru.a(soc_init.o)
 .text.socInit  0x0000000000107d18      0x140 /opt/devkitpro/libctru/lib/libctru.a(soc_init.o)
                0x0000000000107d18                socInit
 .text.socExit  0x0000000000107e58       0x88 /opt/devkitpro/libctru/lib/libctru.a(soc_init.o)
                0x0000000000107e58                socExit
 .text._net_convert_error
                0x0000000000107ee0       0x3c /opt/devkitpro/libctru/lib/libctru.a(soc_common.o)
                0x0000000000107ee0                _net_convert_error
 .text.socuipc_cmd9
                0x0000000000107f1c      0x160 /opt/devkitpro/libctru/lib/libctru.a(soc_sendto.o)
                0x0000000000107f1c                socuipc_cmd9
 .text.socuipc_cmda
                0x000000000010807c      0x164 /opt/devkitpro/libctru/lib/libctru.a(soc_sendto.o)
                0x000000000010807c                socuipc_cmda
 .text.soc_sendto
                0x00000000001081e0       0x24 /opt/devkitpro/libctru/lib/libctru.a(soc_sendto.o)
                0x00000000001081e0                soc_sendto
 .text.sendto   0x0000000000108204       0x98 /opt/devkitpro/libctru/lib/libctru.a(soc_sendto.o)
                0x0000000000108204                sendto
 .text.inet_aton
                0x000000000010829c      0x1c8 /opt/devkitpro/libctru/lib/libctru.a(soc_inet_aton.o)
                0x000000000010829c                inet_aton
 .text.socuipc_cmd7
                0x0000000000108464      0x140 /opt/devkitpro/libctru/lib/libctru.a(soc_recvfrom.o)
                0x0000000000108464                socuipc_cmd7
 .text.socuipc_cmd8
                0x00000000001085a4      0x154 /opt/devkitpro/libctru/lib/libctru.a(soc_recvfrom.o)
                0x00000000001085a4                socuipc_cmd8
 .text.soc_recvfrom
                0x00000000001086f8       0x24 /opt/devkitpro/libctru/lib/libctru.a(soc_recvfrom.o)
                0x00000000001086f8                soc_recvfrom
 .text.recvfrom
                0x000000000010871c       0x98 /opt/devkitpro/libctru/lib/libctru.a(soc_recvfrom.o)
                0x000000000010871c                recvfrom
 .text.send     0x00000000001087b4       0x20 /opt/devkitpro/libctru/lib/libctru.a(soc_send.o)
                0x00000000001087b4                send
 .text.__libctru_init
                0x00000000001087d4       0x38 /opt/devkitpro/libctru/lib/libctru.a(initSystem.o)
                0x00000000001087d4                __libctru_init
 .text.__ctru_get_reent
                0x000000000010880c       0x30 /opt/devkitpro/libctru/lib/libctru.a(syscalls.o)
 .text.__system_initSyscalls
                0x000000000010883c       0xe4 /opt/devkitpro/libctru/lib/libctru.a(syscalls.o)
                0x000000000010883c                __system_initSyscalls
 .text.osGetMemRegionSize
                0x0000000000108920       0x58 /opt/devkitpro/libctru/lib/libctru.a(allocateHeaps.o)
 .text.__system_allocateHeaps
                0x0000000000108978      0x104 /opt/devkitpro/libctru/lib/libctru.a(allocateHeaps.o)
                0x0000000000108978                __system_allocateHeaps
 .text.__system_initArgv
                0x0000000000108a7c       0xf0 /opt/devkitpro/libctru/lib/libctru.a(initArgv.o)
                0x0000000000108a7c                __system_initArgv
 .text.svcControlMemory
                0x0000000000108b6c       0x20 /opt/devkitpro/libctru/lib/libctru.a(svc.o)
                0x0000000000108b6c                svcControlMemory
 .text.svcExitProcess
                0x0000000000108b8c        0x8 /opt/devkitpro/libctru/lib/libctru.a(svc.o)
                0x0000000000108b8c                svcExitProcess
 .text.svcCreateThread
                0x0000000000108b94       0x20 /opt/devkitpro/libctru/lib/libctru.a(svc.o)
                0x0000000000108b94                svcCreateThread
 .text.svcExitThread
                0x0000000000108bb4        0x8 /opt/devkitpro/libctru/lib/libctru.a(svc.o)
                0x0000000000108bb4                svcExitThread
 .text.svcSleepThread
                0x0000000000108bbc        0x8 /opt/devkitpro/libctru/lib/libctru.a(svc.o)
                0x0000000000108bbc                svcSleepThread
 .text.svcReleaseMutex
                0x0000000000108bc4        0x8 /opt/devkitpro/libctru/lib/libctru.a(svc.o)
                0x0000000000108bc4                svcReleaseMutex
 .text.svcCreateEvent
                0x0000000000108bcc       0x14 /opt/devkitpro/libctru/lib/libctru.a(svc.o)
                0x0000000000108bcc                svcCreateEvent
 .text.svcSignalEvent
                0x0000000000108be0        0x8 /opt/devkitpro/libctru/lib/libctru.a(svc.o)
                0x0000000000108be0                svcSignalEvent
 .text.svcClearEvent
                0x0000000000108be8        0x8 /opt/devkitpro/libctru/lib/libctru.a(svc.o)
                0x0000000000108be8                svcClearEvent
 .text.svcCreateMemoryBlock
                0x0000000000108bf0       0x18 /opt/devkitpro/libctru/lib/libctru.a(svc.o)
                0x0000000000108bf0                svcCreateMemoryBlock
 .text.svcMapMemoryBlock
                0x0000000000108c08        0x8 /opt/devkitpro/libctru/lib/libctru.a(svc.o)
                0x0000000000108c08                svcMapMemoryBlock
 .text.svcUnmapMemoryBlock
                0x0000000000108c10        0x8 /opt/devkitpro/libctru/lib/libctru.a(svc.o)
                0x0000000000108c10                svcUnmapMemoryBlock
 .text.svcCreateAddressArbiter
                0x0000000000108c18       0x14 /opt/devkitpro/libctru/lib/libctru.a(svc.o)
                0x0000000000108c18                svcCreateAddressArbiter
 .text.svcArbitrateAddress
                0x0000000000108c2c       0x18 /opt/devkitpro/libctru/lib/libctru.a(svc.o)
                0x0000000000108c2c                svcArbitrateAddress
 .text.svcCloseHandle
                0x0000000000108c44        0x8 /opt/devkitpro/libctru/lib/libctru.a(svc.o)
                0x0000000000108c44                svcCloseHandle
 .text.svcWaitSynchronization
                0x0000000000108c4c        0x8 /opt/devkitpro/libctru/lib/libctru.a(svc.o)
                0x0000000000108c4c                svcWaitSynchronization
 .text.svcWaitSynchronizationN
                0x0000000000108c54       0x28 /opt/devkitpro/libctru/lib/libctru.a(svc.o)
                0x0000000000108c54                svcWaitSynchronizationN
 .text.svcDuplicateHandle
                0x0000000000108c7c       0x14 /opt/devkitpro/libctru/lib/libctru.a(svc.o)
                0x0000000000108c7c                svcDuplicateHandle
 .text.svcGetSystemTick
                0x0000000000108c90        0x8 /opt/devkitpro/libctru/lib/libctru.a(svc.o)
                0x0000000000108c90                svcGetSystemTick
 .text.svcGetSystemInfo
                0x0000000000108c98       0x18 /opt/devkitpro/libctru/lib/libctru.a(svc.o)
                0x0000000000108c98                svcGetSystemInfo
 .text.svcConnectToPort
                0x0000000000108cb0       0x14 /opt/devkitpro/libctru/lib/libctru.a(svc.o)
                0x0000000000108cb0                svcConnectToPort
 .text.svcSendSyncRequest
                0x0000000000108cc4        0x8 /opt/devkitpro/libctru/lib/libctru.a(svc.o)
                0x0000000000108cc4                svcSendSyncRequest
 .text.svcBreak
                0x0000000000108ccc        0x8 /opt/devkitpro/libctru/lib/libctru.a(svc.o)
                0x0000000000108ccc                svcBreak
 .text.svcOutputDebugString
                0x0000000000108cd4        0x8 /opt/devkitpro/libctru/lib/libctru.a(svc.o)
                0x0000000000108cd4                svcOutputDebugString
 .text._ZL21addrMapNodeComparatorPK11rbtree_nodeS1_
                0x0000000000108cdc       0x24 /opt/devkitpro/libctru/lib/libctru.a(vram.o)
 .text._ZL21addrMapNodeDestructorP11rbtree_node
                0x0000000000108d00        0x4 /opt/devkitpro/libctru/lib/libctru.a(vram.o)
 .text.vramMemAlign
                0x0000000000108d04      0x130 /opt/devkitpro/libctru/lib/libctru.a(vram.o)
                0x0000000000108d04                vramMemAlign
 .text.vramAlloc
                0x0000000000108e34        0x8 /opt/devkitpro/libctru/lib/libctru.a(vram.o)
                0x0000000000108e34                vramAlloc
 .text.vramFree
                0x0000000000108e3c       0x50 /opt/devkitpro/libctru/lib/libctru.a(vram.o)
                0x0000000000108e3c                vramFree
 .text._ZL21addrMapNodeComparatorPK11rbtree_nodeS1_
                0x0000000000108e8c       0x24 /opt/devkitpro/libctru/lib/libctru.a(mappable.o)
 .text._ZL21addrMapNodeDestructorP11rbtree_node
                0x0000000000108eb0        0x4 /opt/devkitpro/libctru/lib/libctru.a(mappable.o)
 .text.mappableAlloc
                0x0000000000108eb4       0xf4 /opt/devkitpro/libctru/lib/libctru.a(mappable.o)
                0x0000000000108eb4                mappableAlloc
 .text.mappableFree
                0x0000000000108fa8       0x50 /opt/devkitpro/libctru/lib/libctru.a(mappable.o)
                0x0000000000108fa8                mappableFree
 .text._ZL21addrMapNodeComparatorPK11rbtree_nodeS1_
                0x0000000000108ff8       0x24 /opt/devkitpro/libctru/lib/libctru.a(linear.o)
 .text._ZL21addrMapNodeDestructorP11rbtree_node
                0x000000000010901c        0x4 /opt/devkitpro/libctru/lib/libctru.a(linear.o)
 .text.linearMemAlign
                0x0000000000109020      0x140 /opt/devkitpro/libctru/lib/libctru.a(linear.o)
                0x0000000000109020                linearMemAlign
 .text.linearAlloc
                0x0000000000109160        0x8 /opt/devkitpro/libctru/lib/libctru.a(linear.o)
                0x0000000000109160                linearAlloc
 .text.linearFree
                0x0000000000109168       0x50 /opt/devkitpro/libctru/lib/libctru.a(linear.o)
                0x0000000000109168                linearFree
 .text._ZN7MemPool13CoalesceRightEP8MemBlock
                0x00000000001091b8       0x9c /opt/devkitpro/libctru/lib/libctru.a(mem_pool.o)
                0x00000000001091b8                MemPool::CoalesceRight(MemBlock*)
 .text._ZN7MemPool8AllocateER8MemChunkmi
                0x0000000000109254      0x178 /opt/devkitpro/libctru/lib/libctru.a(mem_pool.o)
                0x0000000000109254                MemPool::Allocate(MemChunk&, unsigned long, int)
 .text._ZN7MemPool10DeallocateERK8MemChunk
                0x00000000001093cc      0x100 /opt/devkitpro/libctru/lib/libctru.a(mem_pool.o)
                0x00000000001093cc                MemPool::Deallocate(MemChunk const&)
 .text.LightLock_Unlock.part.1
                0x00000000001094cc       0x34 /opt/devkitpro/libctru/lib/libctru.a(synchronization.o)
 .text.__sync_init
                0x0000000000109500        0xc /opt/devkitpro/libctru/lib/libctru.a(synchronization.o)
                0x0000000000109500                __sync_init
 .text.__sync_fini
                0x000000000010950c       0x18 /opt/devkitpro/libctru/lib/libctru.a(synchronization.o)
                0x000000000010950c                __sync_fini
 .text.__sync_get_arbiter
                0x0000000000109524       0x10 /opt/devkitpro/libctru/lib/libctru.a(synchronization.o)
                0x0000000000109524                __sync_get_arbiter
 .text.LightLock_Init
                0x0000000000109534       0x18 /opt/devkitpro/libctru/lib/libctru.a(synchronization.o)
                0x0000000000109534                LightLock_Init
 .text.LightLock_Lock
                0x000000000010954c       0x94 /opt/devkitpro/libctru/lib/libctru.a(synchronization.o)
                0x000000000010954c                LightLock_Lock
 .text.LightLock_TryLock
                0x00000000001095e0       0x34 /opt/devkitpro/libctru/lib/libctru.a(synchronization.o)
                0x00000000001095e0                LightLock_TryLock
 .text.LightLock_Unlock
                0x0000000000109614       0x20 /opt/devkitpro/libctru/lib/libctru.a(synchronization.o)
                0x0000000000109614                LightLock_Unlock
 .text.RecursiveLock_Init
                0x0000000000109634       0x24 /opt/devkitpro/libctru/lib/libctru.a(synchronization.o)
                0x0000000000109634                RecursiveLock_Init
 .text.RecursiveLock_Lock
                0x0000000000109658       0x30 /opt/devkitpro/libctru/lib/libctru.a(synchronization.o)
                0x0000000000109658                RecursiveLock_Lock
 .text.RecursiveLock_TryLock
                0x0000000000109688       0x58 /opt/devkitpro/libctru/lib/libctru.a(synchronization.o)
                0x0000000000109688                RecursiveLock_TryLock
 .text.RecursiveLock_Unlock
                0x00000000001096e0       0x38 /opt/devkitpro/libctru/lib/libctru.a(synchronization.o)
                0x00000000001096e0                RecursiveLock_Unlock
 .text.LightEvent_Init
                0x0000000000109718       0x38 /opt/devkitpro/libctru/lib/libctru.a(synchronization.o)
                0x0000000000109718                LightEvent_Init
 .text.LightEvent_Clear
                0x0000000000109750       0x7c /opt/devkitpro/libctru/lib/libctru.a(synchronization.o)
                0x0000000000109750                LightEvent_Clear
 .text.LightEvent_Signal
                0x00000000001097cc       0xdc /opt/devkitpro/libctru/lib/libctru.a(synchronization.o)
                0x00000000001097cc                LightEvent_Signal
 .text.LightEvent_Wait
                0x00000000001098a8       0xc8 /opt/devkitpro/libctru/lib/libctru.a(synchronization.o)
                0x00000000001098a8                LightEvent_Wait
 .text.srvExit  0x0000000000109970       0x50 /opt/devkitpro/libctru/lib/libctru.a(srv.o)
                0x0000000000109970                srvExit
 .text.srvRegisterClient
                0x00000000001099c0       0x38 /opt/devkitpro/libctru/lib/libctru.a(srv.o)
                0x00000000001099c0                srvRegisterClient
 .text.srvInit  0x00000000001099f8       0x70 /opt/devkitpro/libctru/lib/libctru.a(srv.o)
                0x00000000001099f8                srvInit
 .text.srvGetServiceHandleDirect
                0x0000000000109a68       0x68 /opt/devkitpro/libctru/lib/libctru.a(srv.o)
                0x0000000000109a68                srvGetServiceHandleDirect
 .text.srvGetServiceHandle
                0x0000000000109ad0       0x38 /opt/devkitpro/libctru/lib/libctru.a(srv.o)
                0x0000000000109ad0                srvGetServiceHandle
 .text.threadCreate
                0x0000000000109b08      0x1c8 /opt/devkitpro/libctru/lib/libctru.a(thread.o)
                0x0000000000109b08                threadCreate
 .text.threadJoin
                0x0000000000109cd0       0x24 /opt/devkitpro/libctru/lib/libctru.a(thread.o)
                0x0000000000109cd0                threadJoin
 .text.threadExit
                0x0000000000109cf4       0x6c /opt/devkitpro/libctru/lib/libctru.a(thread.o)
                0x0000000000109cf4                threadExit
 .text._thread_begin
                0x0000000000109d60       0x40 /opt/devkitpro/libctru/lib/libctru.a(thread.o)
 .text.irrstScanInput
                0x0000000000109da0       0xb0 /opt/devkitpro/libctru/lib/libctru.a(irrst.o)
                0x0000000000109da0                irrstScanInput
 .text.irrstKeysHeld
                0x0000000000109e50       0x1c /opt/devkitpro/libctru/lib/libctru.a(irrst.o)
                0x0000000000109e50                irrstKeysHeld
 .text.IRRST_GetHandles
                0x0000000000109e6c       0x50 /opt/devkitpro/libctru/lib/libctru.a(irrst.o)
                0x0000000000109e6c                IRRST_GetHandles
 .text.irrstInit
                0x0000000000109ebc      0x148 /opt/devkitpro/libctru/lib/libctru.a(irrst.o)
                0x0000000000109ebc                irrstInit
 .text.IRRST_Shutdown
                0x000000000010a004       0x2c /opt/devkitpro/libctru/lib/libctru.a(irrst.o)
                0x000000000010a004                IRRST_Shutdown
 .text.irrstExit
                0x000000000010a030       0xb0 /opt/devkitpro/libctru/lib/libctru.a(irrst.o)
                0x000000000010a030                irrstExit
 .text.rbtree_init
                0x000000000010a0e0       0x14 /opt/devkitpro/libctru/lib/libctru.a(rbtree_init.o)
                0x000000000010a0e0                rbtree_init
 .text.do_insert
                0x000000000010a0f4      0x1d4 /opt/devkitpro/libctru/lib/libctru.a(rbtree_insert.o)
 .text.rbtree_insert
                0x000000000010a2c8        0x8 /opt/devkitpro/libctru/lib/libctru.a(rbtree_insert.o)
                0x000000000010a2c8                rbtree_insert
 .text.rbtree_rotate
                0x000000000010a2d0       0xac /opt/devkitpro/libctru/lib/libctru.a(rbtree_rotate.o)
                0x000000000010a2d0                rbtree_rotate
 .text.rbtree_remove
                0x000000000010a37c      0x35c /opt/devkitpro/libctru/lib/libctru.a(rbtree_remove.o)
                0x000000000010a37c                rbtree_remove
 .text.rbtree_find
                0x000000000010a6d8       0x70 /opt/devkitpro/libctru/lib/libctru.a(rbtree_find.o)
                0x000000000010a6d8                rbtree_find
 .text.__appInit
                0x000000000010a748       0x1c /opt/devkitpro/libctru/lib/libctru.a(appInit.o)
                0x000000000010a748                __appInit
 .text.__appExit
                0x000000000010a764       0x1c /opt/devkitpro/libctru/lib/libctru.a(appExit.o)
                0x000000000010a764                __appExit
 .text.__libctru_exit
                0x000000000010a780       0xa4 /opt/devkitpro/libctru/lib/libctru.a(ctru_exit.o)
                0x000000000010a780                __libctru_exit
 .text.envGetHandle
                0x000000000010a824       0x94 /opt/devkitpro/libctru/lib/libctru.a(env.o)
                0x000000000010a824                envGetHandle
 .text.envDestroyHandles
                0x000000000010a8b8       0x4c /opt/devkitpro/libctru/lib/libctru.a(env.o)
                0x000000000010a8b8                envDestroyHandles
 .text.sdmc_link
                0x000000000010a904       0x10 /opt/devkitpro/libctru/lib/libctru.a(sdmc_dev.o)
 .text.sdmc_dirreset
                0x000000000010a914       0x10 /opt/devkitpro/libctru/lib/libctru.a(sdmc_dev.o)
 .text.sdmc_chmod
                0x000000000010a924       0x10 /opt/devkitpro/libctru/lib/libctru.a(sdmc_dev.o)
 .text.sdmc_fchmod
                0x000000000010a934       0x10 /opt/devkitpro/libctru/lib/libctru.a(sdmc_dev.o)
 .text.error_cmp
                0x000000000010a944       0x24 /opt/devkitpro/libctru/lib/libctru.a(sdmc_dev.o)
 .text.sdmc_translate_error
                0x000000000010a968       0x50 /opt/devkitpro/libctru/lib/libctru.a(sdmc_dev.o)
 .text.sdmc_fsync
                0x000000000010a9b8       0x34 /opt/devkitpro/libctru/lib/libctru.a(sdmc_dev.o)
 .text.sdmc_ftruncate
                0x000000000010a9ec       0x54 /opt/devkitpro/libctru/lib/libctru.a(sdmc_dev.o)
 .text.sdmc_statvfs
                0x000000000010aa40       0xac /opt/devkitpro/libctru/lib/libctru.a(sdmc_dev.o)
 .text.sdmc_dirclose
                0x000000000010aaec       0x38 /opt/devkitpro/libctru/lib/libctru.a(sdmc_dev.o)
 .text.sdmc_dirnext
                0x000000000010ab24      0x13c /opt/devkitpro/libctru/lib/libctru.a(sdmc_dev.o)
 .text.sdmc_close
                0x000000000010ac60       0x34 /opt/devkitpro/libctru/lib/libctru.a(sdmc_dev.o)
 .text.sdmc_fstat
                0x000000000010ac94       0x74 /opt/devkitpro/libctru/lib/libctru.a(sdmc_dev.o)
 .text.sdmc_seek
                0x000000000010ad08       0xc0 /opt/devkitpro/libctru/lib/libctru.a(sdmc_dev.o)
 .text.sdmc_read
                0x000000000010adc8       0x8c /opt/devkitpro/libctru/lib/libctru.a(sdmc_dev.o)
 .text.sdmc_write_safe
                0x000000000010ae54      0x110 /opt/devkitpro/libctru/lib/libctru.a(sdmc_dev.o)
 .text.sdmc_utf16path
                0x000000000010af64      0x1b4 /opt/devkitpro/libctru/lib/libctru.a(sdmc_dev.o)
 .text.sdmc_rmdir
                0x000000000010b118       0x74 /opt/devkitpro/libctru/lib/libctru.a(sdmc_dev.o)
 .text.sdmc_diropen
                0x000000000010b18c       0xa4 /opt/devkitpro/libctru/lib/libctru.a(sdmc_dev.o)
 .text.sdmc_chdir
                0x000000000010b230       0xa0 /opt/devkitpro/libctru/lib/libctru.a(sdmc_dev.o)
 .text.sdmc_mkdir
                0x000000000010b2d0       0x98 /opt/devkitpro/libctru/lib/libctru.a(sdmc_dev.o)
 .text.sdmc_rename
                0x000000000010b368      0x108 /opt/devkitpro/libctru/lib/libctru.a(sdmc_dev.o)
 .text.sdmc_unlink
                0x000000000010b470       0x74 /opt/devkitpro/libctru/lib/libctru.a(sdmc_dev.o)
 .text.sdmc_stat
                0x000000000010b4e4      0x108 /opt/devkitpro/libctru/lib/libctru.a(sdmc_dev.o)
 .text.sdmc_open
                0x000000000010b5ec      0x188 /opt/devkitpro/libctru/lib/libctru.a(sdmc_dev.o)
 .text.sdmcInit
                0x000000000010b774      0x15c /opt/devkitpro/libctru/lib/libctru.a(sdmc_dev.o)
                0x000000000010b774                sdmcInit
 .text.sdmcExit
                0x000000000010b8d0       0x54 /opt/devkitpro/libctru/lib/libctru.a(sdmc_dev.o)
                0x000000000010b8d0                sdmcExit
 .text.fsSessionForArchive.part.0
                0x000000000010b924       0x28 /opt/devkitpro/libctru/lib/libctru.a(fs.o)
 .text.fsInit   0x000000000010b94c       0xcc /opt/devkitpro/libctru/lib/libctru.a(fs.o)
                0x000000000010b94c                fsInit
 .text.fsExit   0x000000000010ba18       0x38 /opt/devkitpro/libctru/lib/libctru.a(fs.o)
                0x000000000010ba18                fsExit
 .text.fsExemptFromSession
                0x000000000010ba50       0x74 /opt/devkitpro/libctru/lib/libctru.a(fs.o)
                0x000000000010ba50                fsExemptFromSession
 .text.fsUnexemptFromSession
                0x000000000010bac4       0x54 /opt/devkitpro/libctru/lib/libctru.a(fs.o)
                0x000000000010bac4                fsUnexemptFromSession
 .text.FSUSER_OpenFile
                0x000000000010bb18       0xbc /opt/devkitpro/libctru/lib/libctru.a(fs.o)
                0x000000000010bb18                FSUSER_OpenFile
 .text.FSUSER_DeleteFile
                0x000000000010bbd4       0xa4 /opt/devkitpro/libctru/lib/libctru.a(fs.o)
                0x000000000010bbd4                FSUSER_DeleteFile
 .text.FSUSER_RenameFile
                0x000000000010bc78       0xe0 /opt/devkitpro/libctru/lib/libctru.a(fs.o)
                0x000000000010bc78                FSUSER_RenameFile
 .text.FSUSER_DeleteDirectory
                0x000000000010bd58       0xa4 /opt/devkitpro/libctru/lib/libctru.a(fs.o)
                0x000000000010bd58                FSUSER_DeleteDirectory
 .text.FSUSER_CreateFile
                0x000000000010bdfc       0xbc /opt/devkitpro/libctru/lib/libctru.a(fs.o)
                0x000000000010bdfc                FSUSER_CreateFile
 .text.FSUSER_CreateDirectory
                0x000000000010beb8       0xac /opt/devkitpro/libctru/lib/libctru.a(fs.o)
                0x000000000010beb8                FSUSER_CreateDirectory
 .text.FSUSER_RenameDirectory
                0x000000000010bf64       0xe0 /opt/devkitpro/libctru/lib/libctru.a(fs.o)
                0x000000000010bf64                FSUSER_RenameDirectory
 .text.FSUSER_OpenDirectory
                0x000000000010c044       0xa4 /opt/devkitpro/libctru/lib/libctru.a(fs.o)
                0x000000000010c044                FSUSER_OpenDirectory
 .text.FSUSER_OpenArchive
                0x000000000010c0e8       0x98 /opt/devkitpro/libctru/lib/libctru.a(fs.o)
                0x000000000010c0e8                FSUSER_OpenArchive
 .text.FSUSER_CloseArchive
                0x000000000010c180       0x74 /opt/devkitpro/libctru/lib/libctru.a(fs.o)
                0x000000000010c180                FSUSER_CloseArchive
 .text.FSUSER_GetSdmcArchiveResource
                0x000000000010c1f4       0x78 /opt/devkitpro/libctru/lib/libctru.a(fs.o)
                0x000000000010c1f4                FSUSER_GetSdmcArchiveResource
 .text.FSUSER_IsSdmcWritable
                0x000000000010c26c       0x64 /opt/devkitpro/libctru/lib/libctru.a(fs.o)
                0x000000000010c26c                FSUSER_IsSdmcWritable
 .text.FSFILE_Read
                0x000000000010c2d0       0x5c /opt/devkitpro/libctru/lib/libctru.a(fs.o)
                0x000000000010c2d0                FSFILE_Read
 .text.FSFILE_Write
                0x000000000010c32c       0x64 /opt/devkitpro/libctru/lib/libctru.a(fs.o)
                0x000000000010c32c                FSFILE_Write
 .text.FSFILE_GetSize
                0x000000000010c390       0x3c /opt/devkitpro/libctru/lib/libctru.a(fs.o)
                0x000000000010c390                FSFILE_GetSize
 .text.FSFILE_SetSize
                0x000000000010c3cc       0x2c /opt/devkitpro/libctru/lib/libctru.a(fs.o)
                0x000000000010c3cc                FSFILE_SetSize
 .text.FSFILE_Close
                0x000000000010c3f8       0x3c /opt/devkitpro/libctru/lib/libctru.a(fs.o)
                0x000000000010c3f8                FSFILE_Close
 .text.FSFILE_Flush
                0x000000000010c434       0x24 /opt/devkitpro/libctru/lib/libctru.a(fs.o)
                0x000000000010c434                FSFILE_Flush
 .text.FSDIR_Read
                0x000000000010c458       0x54 /opt/devkitpro/libctru/lib/libctru.a(fs.o)
                0x000000000010c458                FSDIR_Read
 .text.FSDIR_Close
                0x000000000010c4ac       0x3c /opt/devkitpro/libctru/lib/libctru.a(fs.o)
                0x000000000010c4ac                FSDIR_Close
 .text.rbtree_node_next
                0x000000000010c4e8       0x8c /opt/devkitpro/libctru/lib/libctru.a(rbtree_iterator.o)
                0x000000000010c4e8                rbtree_node_next
 .text.utf16_to_utf8
                0x000000000010c574       0xe4 /opt/devkitpro/libctru/lib/libctru.a(utf16_to_utf8.o)
                0x000000000010c574                utf16_to_utf8
 .text.decode_utf16
                0x000000000010c658       0x60 /opt/devkitpro/libctru/lib/libctru.a(decode_utf16.o)
                0x000000000010c658                decode_utf16
 .text.decode_utf8
                0x000000000010c6b8      0x138 /opt/devkitpro/libctru/lib/libctru.a(decode_utf8.o)
                0x000000000010c6b8                decode_utf8
 .text.utf8_to_utf16
                0x000000000010c7f0       0xbc /opt/devkitpro/libctru/lib/libctru.a(utf8_to_utf16.o)
                0x000000000010c7f0                utf8_to_utf16
 .text.__aeabi_read_tp
                0x000000000010c8ac        0xc /opt/devkitpro/libctru/lib/libctru.a(readtp.o)
                0x000000000010c8ac                __aeabi_read_tp
 .text.encode_utf16
                0x000000000010c8b8       0x68 /opt/devkitpro/libctru/lib/libctru.a(encode_utf16.o)
                0x000000000010c8b8                encode_utf16
 .text.encode_utf8
                0x000000000010c920      0x104 /opt/devkitpro/libctru/lib/libctru.a(encode_utf8.o)
                0x000000000010c920                encode_utf8
 .text.atexit   0x000000000010ca24       0x14 /opt/devkitpro/devkitARM/lib/gcc/arm-none-eabi/5.3.0/../../../../arm-none-eabi/lib/armv6k/fpu/libg.a(lib_a-atexit.o)
                0x000000000010ca24                atexit
 .text.bsearch  0x000000000010ca38       0x78 /opt/devkitpro/devkitARM/lib/gcc/arm-none-eabi/5.3.0/../../../../arm-none-eabi/lib/armv6k/fpu/libg.a(lib_a-bsearch.o)
                0x000000000010ca38                bsearch
 .text.__errno  0x000000000010cab0        0xc /opt/devkitpro/devkitARM/lib/gcc/arm-none-eabi/5.3.0/../../../../arm-none-eabi/lib/armv6k/fpu/libg.a(lib_a-errno.o)
                0x000000000010cab0                __errno
 .text.exit     0x000000000010cabc       0x34 /opt/devkitpro/devkitARM/lib/gcc/arm-none-eabi/5.3.0/../../../../arm-none-eabi/lib/armv6k/fpu/libg.a(lib_a-exit.o)
                0x000000000010cabc                exit
 .text.__libc_fini_array
                0x000000000010caf0       0x3c /opt/devkitpro/devkitARM/lib/gcc/arm-none-eabi/5.3.0/../../../../arm-none-eabi/lib/armv6k/fpu/libg.a(lib_a-fini.o)
                0x000000000010caf0                __libc_fini_array
 .text._fwrite_r
                0x000000000010cb2c      0x118 /opt/devkitpro/devkitARM/lib/gcc/arm-none-eabi/5.3.0/../../../../arm-none-eabi/lib/armv6k/fpu/libg.a(lib_a-fwrite.o)
                0x000000000010cb2c                _fwrite_r
 .text.fwrite   0x000000000010cc44       0x38 /opt/devkitpro/devkitARM/lib/gcc/arm-none-eabi/5.3.0/../../../../arm-none-eabi/lib/armv6k/fpu/libg.a(lib_a-fwrite.o)
                0x000000000010cc44                fwrite
 .text.__libc_init_array
                0x000000000010cc7c       0x78 /opt/devkitpro/devkitARM/lib/gcc/arm-none-eabi/5.3.0/../../../../arm-none-eabi/lib/armv6k/fpu/libg.a(lib_a-init.o)
                0x000000000010cc7c                __libc_init_array
 .text.memalign
                0x000000000010ccf4       0x20 /opt/devkitpro/devkitARM/lib/gcc/arm-none-eabi/5.3.0/../../../../arm-none-eabi/lib/armv6k/fpu/libg.a(lib_a-malign.o)
                0x000000000010ccf4                memalign
 .text._memalign_r
                0x000000000010cd14      0x15c /opt/devkitpro/devkitARM/lib/gcc/arm-none-eabi/5.3.0/../../../../arm-none-eabi/lib/armv6k/fpu/libg.a(lib_a-malignr.o)
                0x000000000010cd14                _memalign_r
 .text.malloc   0x000000000010ce70       0x18 /opt/devkitpro/devkitARM/lib/gcc/arm-none-eabi/5.3.0/../../../../arm-none-eabi/lib/armv6k/fpu/libg.a(lib_a-malloc.o)
                0x000000000010ce70                malloc
 .text.free     0x000000000010ce88       0x18 /opt/devkitpro/devkitARM/lib/gcc/arm-none-eabi/5.3.0/../../../../arm-none-eabi/lib/armv6k/fpu/libg.a(lib_a-malloc.o)
                0x000000000010ce88                free
 .text._malloc_r
                0x000000000010cea0      0x7a8 /opt/devkitpro/devkitARM/lib/gcc/arm-none-eabi/5.3.0/../../../../arm-none-eabi/lib/armv6k/fpu/libg.a(lib_a-mallocr.o)
                0x000000000010cea0                _malloc_r
 .text.memchr   0x000000000010d648      0x100 /opt/devkitpro/devkitARM/lib/gcc/arm-none-eabi/5.3.0/../../../../arm-none-eabi/lib/armv6k/fpu/libg.a(lib_a-memchr.o)
                0x000000000010d648                memchr
 .text.memcpy   0x000000000010d748       0xf0 /opt/devkitpro/devkitARM/lib/gcc/arm-none-eabi/5.3.0/../../../../arm-none-eabi/lib/armv6k/fpu/libg.a(lib_a-memcpy.o)
                0x000000000010d748                memcpy
 .text.memset   0x000000000010d838       0xf4 /opt/devkitpro/devkitARM/lib/gcc/arm-none-eabi/5.3.0/../../../../arm-none-eabi/lib/armv6k/fpu/libg.a(lib_a-memset.o)
                0x000000000010d838                memset
 .text.__malloc_lock
                0x000000000010d92c        0xc /opt/devkitpro/devkitARM/lib/gcc/arm-none-eabi/5.3.0/../../../../arm-none-eabi/lib/armv6k/fpu/libg.a(lib_a-mlock.o)
                0x000000000010d92c                __malloc_lock
 .text.__malloc_unlock
                0x000000000010d938        0xc /opt/devkitpro/devkitARM/lib/gcc/arm-none-eabi/5.3.0/../../../../arm-none-eabi/lib/armv6k/fpu/libg.a(lib_a-mlock.o)
                0x000000000010d938                __malloc_unlock
 .text.setvbuf  0x000000000010d944      0x1fc /opt/devkitpro/devkitARM/lib/gcc/arm-none-eabi/5.3.0/../../../../arm-none-eabi/lib/armv6k/fpu/libg.a(lib_a-setvbuf.o)
                0x000000000010d944                setvbuf
 .text.sscanf   0x000000000010db40       0x74 /opt/devkitpro/devkitARM/lib/gcc/arm-none-eabi/5.3.0/../../../../arm-none-eabi/lib/armv6k/fpu/libg.a(lib_a-sscanf.o)
                0x000000000010db40                sscanf
 .text.__sread  0x000000000010dbb4       0x30 /opt/devkitpro/devkitARM/lib/gcc/arm-none-eabi/5.3.0/../../../../arm-none-eabi/lib/armv6k/fpu/libg.a(lib_a-stdio.o)
                0x000000000010dbb4                __sread
 .text.__seofread
                0x000000000010dbe4        0x8 /opt/devkitpro/devkitARM/lib/gcc/arm-none-eabi/5.3.0/../../../../arm-none-eabi/lib/armv6k/fpu/libg.a(lib_a-stdio.o)
                0x000000000010dbe4                __seofread
 .text.__swrite
                0x000000000010dbec       0x54 /opt/devkitpro/devkitARM/lib/gcc/arm-none-eabi/5.3.0/../../../../arm-none-eabi/lib/armv6k/fpu/libg.a(lib_a-stdio.o)
                0x000000000010dbec                __swrite
 .text.__sseek  0x000000000010dc40       0x2c /opt/devkitpro/devkitARM/lib/gcc/arm-none-eabi/5.3.0/../../../../arm-none-eabi/lib/armv6k/fpu/libg.a(lib_a-stdio.o)
                0x000000000010dc40                __sseek
 .text.__sclose
                0x000000000010dc6c        0x8 /opt/devkitpro/devkitARM/lib/gcc/arm-none-eabi/5.3.0/../../../../arm-none-eabi/lib/armv6k/fpu/libg.a(lib_a-stdio.o)
                0x000000000010dc6c                __sclose
 .text._strerror_r
                0x000000000010dc74      0x63c /opt/devkitpro/devkitARM/lib/gcc/arm-none-eabi/5.3.0/../../../../arm-none-eabi/lib/armv6k/fpu/libg.a(lib_a-strerror.o)
                0x000000000010dc74                _strerror_r
 .text.strerror
                0x000000000010e2b0       0x20 /opt/devkitpro/devkitARM/lib/gcc/arm-none-eabi/5.3.0/../../../../arm-none-eabi/lib/armv6k/fpu/libg.a(lib_a-strerror.o)
                0x000000000010e2b0                strerror
 .text.strlen   0x000000000010e2d0       0x5c /opt/devkitpro/devkitARM/lib/gcc/arm-none-eabi/5.3.0/../../../../arm-none-eabi/lib/armv6k/fpu/libg.a(lib_a-strlen.o)
                0x000000000010e2d0                strlen
 .text.strncat  0x000000000010e32c       0xa4 /opt/devkitpro/devkitARM/lib/gcc/arm-none-eabi/5.3.0/../../../../arm-none-eabi/lib/armv6k/fpu/libg.a(lib_a-strncat.o)
                0x000000000010e32c                strncat
 .text.strncpy  0x000000000010e3d0       0xe0 /opt/devkitpro/devkitARM/lib/gcc/arm-none-eabi/5.3.0/../../../../arm-none-eabi/lib/armv6k/fpu/libg.a(lib_a-strncpy.o)
                0x000000000010e3d0                strncpy
 .text.__ssvfscanf_r
                0x000000000010e4b0     0x2c20 /opt/devkitpro/devkitARM/lib/gcc/arm-none-eabi/5.3.0/../../../../arm-none-eabi/lib/armv6k/fpu/libg.a(lib_a-svfscanf.o)
                0x000000000010e4b0                __ssvfscanf_r
 .text.close    0x00000000001110d0       0x18 /opt/devkitpro/devkitARM/lib/gcc/arm-none-eabi/5.3.0/../../../../arm-none-eabi/lib/armv6k/fpu/libg.a(lib_a-sysclose.o)
                0x00000000001110d0                close
 .text._user_strerror
                0x00000000001110e8        0x8 /opt/devkitpro/devkitARM/lib/gcc/arm-none-eabi/5.3.0/../../../../arm-none-eabi/lib/armv6k/fpu/libg.a(lib_a-u_strerr.o)
                0x00000000001110e8                _user_strerror
 .text.__sprint_r.part.0
                0x00000000001110f0       0xa4 /opt/devkitpro/devkitARM/lib/gcc/arm-none-eabi/5.3.0/../../../../arm-none-eabi/lib/armv6k/fpu/libg.a(lib_a-vfiprintf.o)
 .text.__sprint_r
                0x0000000000111194       0x1c /opt/devkitpro/devkitARM/lib/gcc/arm-none-eabi/5.3.0/../../../../arm-none-eabi/lib/armv6k/fpu/libg.a(lib_a-vfiprintf.o)
                0x0000000000111194                __sprint_r
 .text.vprintf  0x00000000001111b0       0x24 /opt/devkitpro/devkitARM/lib/gcc/arm-none-eabi/5.3.0/../../../../arm-none-eabi/lib/armv6k/fpu/libg.a(lib_a-vprintf.o)
                0x00000000001111b0                vprintf
 .text._wcrtomb_r
                0x00000000001111d4       0x8c /opt/devkitpro/devkitARM/lib/gcc/arm-none-eabi/5.3.0/../../../../arm-none-eabi/lib/armv6k/fpu/libg.a(lib_a-wcrtomb.o)
                0x00000000001111d4                _wcrtomb_r
 .text._wcsrtombs_r
                0x0000000000111260       0x20 /opt/devkitpro/devkitARM/lib/gcc/arm-none-eabi/5.3.0/../../../../arm-none-eabi/lib/armv6k/fpu/libg.a(lib_a-wcsrtombs.o)
                0x0000000000111260                _wcsrtombs_r
 .text.__utf8_wctomb
                0x0000000000111280      0x114 /opt/devkitpro/devkitARM/lib/gcc/arm-none-eabi/5.3.0/../../../../arm-none-eabi/lib/armv6k/fpu/libg.a(lib_a-wctomb_r.o)
                0x0000000000111280                __utf8_wctomb
 .text.__swsetup_r
                0x0000000000111394      0x148 /opt/devkitpro/devkitARM/lib/gcc/arm-none-eabi/5.3.0/../../../../arm-none-eabi/lib/armv6k/fpu/libg.a(lib_a-wsetup.o)
                0x0000000000111394                __swsetup_r
 .text.__register_exitproc
                0x00000000001114dc       0xfc /opt/devkitpro/devkitARM/lib/gcc/arm-none-eabi/5.3.0/../../../../arm-none-eabi/lib/armv6k/fpu/libg.a(lib_a-__atexit.o)
                0x00000000001114dc                __register_exitproc
 .text.__call_exitprocs
                0x00000000001115d8      0x174 /opt/devkitpro/devkitARM/lib/gcc/arm-none-eabi/5.3.0/../../../../arm-none-eabi/lib/armv6k/fpu/libg.a(lib_a-__call_atexit.o)
                0x00000000001115d8                __call_exitprocs
 .text.__sflush_r
                0x000000000011174c      0x230 /opt/devkitpro/devkitARM/lib/gcc/arm-none-eabi/5.3.0/../../../../arm-none-eabi/lib/armv6k/fpu/libg.a(lib_a-fflush.o)
                0x000000000011174c                __sflush_r
 .text._fflush_r
                0x000000000011197c       0x90 /opt/devkitpro/devkitARM/lib/gcc/arm-none-eabi/5.3.0/../../../../arm-none-eabi/lib/armv6k/fpu/libg.a(lib_a-fflush.o)
                0x000000000011197c                _fflush_r
 .text._cleanup_r
                0x0000000000111a0c        0xc /opt/devkitpro/devkitARM/lib/gcc/arm-none-eabi/5.3.0/../../../../arm-none-eabi/lib/armv6k/fpu/libg.a(lib_a-findfp.o)
                0x0000000000111a0c                _cleanup_r
 .text.std.isra.0
                0x0000000000111a18       0x80 /opt/devkitpro/devkitARM/lib/gcc/arm-none-eabi/5.3.0/../../../../arm-none-eabi/lib/armv6k/fpu/libg.a(lib_a-findfp.o)
 .text.__sinit  0x0000000000111a98       0x8c /opt/devkitpro/devkitARM/lib/gcc/arm-none-eabi/5.3.0/../../../../arm-none-eabi/lib/armv6k/fpu/libg.a(lib_a-findfp.o)
                0x0000000000111a98                __sinit
 .text.__sfp_lock_acquire
                0x0000000000111b24        0xc /opt/devkitpro/devkitARM/lib/gcc/arm-none-eabi/5.3.0/../../../../arm-none-eabi/lib/armv6k/fpu/libg.a(lib_a-findfp.o)
                0x0000000000111b24                __sfp_lock_acquire
 .text.__sfp_lock_release
                0x0000000000111b30        0xc /opt/devkitpro/devkitARM/lib/gcc/arm-none-eabi/5.3.0/../../../../arm-none-eabi/lib/armv6k/fpu/libg.a(lib_a-findfp.o)
                0x0000000000111b30                __sfp_lock_release
 .text.__fputwc
                0x0000000000111b3c      0x124 /opt/devkitpro/devkitARM/lib/gcc/arm-none-eabi/5.3.0/../../../../arm-none-eabi/lib/armv6k/fpu/libg.a(lib_a-fputwc.o)
                0x0000000000111b3c                __fputwc
 .text._fputwc_r
                0x0000000000111c60       0xa8 /opt/devkitpro/devkitARM/lib/gcc/arm-none-eabi/5.3.0/../../../../arm-none-eabi/lib/armv6k/fpu/libg.a(lib_a-fputwc.o)
                0x0000000000111c60                _fputwc_r
 .text._malloc_trim_r
                0x0000000000111d08       0xf8 /opt/devkitpro/devkitARM/lib/gcc/arm-none-eabi/5.3.0/../../../../arm-none-eabi/lib/armv6k/fpu/libg.a(lib_a-freer.o)
                0x0000000000111d08                _malloc_trim_r
 .text._free_r  0x0000000000111e00      0x2e4 /opt/devkitpro/devkitARM/lib/gcc/arm-none-eabi/5.3.0/../../../../arm-none-eabi/lib/armv6k/fpu/libg.a(lib_a-freer.o)
                0x0000000000111e00                _free_r
 .text.__sfvwrite_r
                0x00000000001120e4      0x4a4 /opt/devkitpro/devkitARM/lib/gcc/arm-none-eabi/5.3.0/../../../../arm-none-eabi/lib/armv6k/fpu/libg.a(lib_a-fvwrite.o)
                0x00000000001120e4                __sfvwrite_r
 .text._fwalk_reent
                0x0000000000112588       0x80 /opt/devkitpro/devkitARM/lib/gcc/arm-none-eabi/5.3.0/../../../../arm-none-eabi/lib/armv6k/fpu/libg.a(lib_a-fwalk.o)
                0x0000000000112588                _fwalk_reent
 .text.iswspace
                0x0000000000112608       0x74 /opt/devkitpro/devkitARM/lib/gcc/arm-none-eabi/5.3.0/../../../../arm-none-eabi/lib/armv6k/fpu/libg.a(lib_a-iswspace.o)
                0x0000000000112608                iswspace
 .text.__jp2uc  0x000000000011267c      0x204 /opt/devkitpro/devkitARM/lib/gcc/arm-none-eabi/5.3.0/../../../../arm-none-eabi/lib/armv6k/fpu/libg.a(lib_a-jp2uc.o)
 .text._jp2uc   0x0000000000112880       0x84 /opt/devkitpro/devkitARM/lib/gcc/arm-none-eabi/5.3.0/../../../../arm-none-eabi/lib/armv6k/fpu/libg.a(lib_a-jp2uc.o)
                0x0000000000112880                _jp2uc
 .text.__locale_charset
                0x0000000000112904        0xc /opt/devkitpro/devkitARM/lib/gcc/arm-none-eabi/5.3.0/../../../../arm-none-eabi/lib/armv6k/fpu/libg.a(lib_a-locale.o)
                0x0000000000112904                __locale_charset
 .text.__locale_mb_cur_max
                0x0000000000112910       0x10 /opt/devkitpro/devkitARM/lib/gcc/arm-none-eabi/5.3.0/../../../../arm-none-eabi/lib/armv6k/fpu/libg.a(lib_a-locale.o)
                0x0000000000112910                __locale_mb_cur_max
 .text._localeconv_r
                0x0000000000112920        0xc /opt/devkitpro/devkitARM/lib/gcc/arm-none-eabi/5.3.0/../../../../arm-none-eabi/lib/armv6k/fpu/libg.a(lib_a-locale.o)
                0x0000000000112920                _localeconv_r
 .text.__smakebuf_r
                0x000000000011292c      0x160 /opt/devkitpro/devkitARM/lib/gcc/arm-none-eabi/5.3.0/../../../../arm-none-eabi/lib/armv6k/fpu/libg.a(lib_a-makebuf.o)
                0x000000000011292c                __smakebuf_r
 .text._mbrtowc_r
                0x0000000000112a8c       0x98 /opt/devkitpro/devkitARM/lib/gcc/arm-none-eabi/5.3.0/../../../../arm-none-eabi/lib/armv6k/fpu/libg.a(lib_a-mbrtowc.o)
                0x0000000000112a8c                _mbrtowc_r
 .text.__utf8_mbtowc
                0x0000000000112b24      0x2fc /opt/devkitpro/devkitARM/lib/gcc/arm-none-eabi/5.3.0/../../../../arm-none-eabi/lib/armv6k/fpu/libg.a(lib_a-mbtowc_r.o)
                0x0000000000112b24                __utf8_mbtowc
 .text.memmove  0x0000000000112e20      0x128 /opt/devkitpro/devkitARM/lib/gcc/arm-none-eabi/5.3.0/../../../../arm-none-eabi/lib/armv6k/fpu/libg.a(lib_a-memmove.o)
                0x0000000000112e20                memmove
 .text._realloc_r
                0x0000000000112f48      0x4c0 /opt/devkitpro/devkitARM/lib/gcc/arm-none-eabi/5.3.0/../../../../arm-none-eabi/lib/armv6k/fpu/libg.a(lib_a-reallocr.o)
                0x0000000000112f48                _realloc_r
 .text.__sccl   0x0000000000113408       0xd0 /opt/devkitpro/devkitARM/lib/gcc/arm-none-eabi/5.3.0/../../../../arm-none-eabi/lib/armv6k/fpu/libg.a(lib_a-sccl.o)
                0x0000000000113408                __sccl
 .text.nanf     0x00000000001134d8        0xc /opt/devkitpro/devkitARM/lib/gcc/arm-none-eabi/5.3.0/../../../../arm-none-eabi/lib/armv6k/fpu/libg.a(lib_a-sf_nan.o)
                0x00000000001134d8                nanf
 .text.__fpclassifyd
                0x00000000001134e4       0x74 /opt/devkitpro/devkitARM/lib/gcc/arm-none-eabi/5.3.0/../../../../arm-none-eabi/lib/armv6k/fpu/libg.a(lib_a-s_fpclassify.o)
                0x00000000001134e4                __fpclassifyd
 .text.sprintf  0x0000000000113558       0x68 /opt/devkitpro/devkitARM/lib/gcc/arm-none-eabi/5.3.0/../../../../arm-none-eabi/lib/armv6k/fpu/libg.a(lib_a-sprintf.o)
                0x0000000000113558                sprintf
 .text.stpncpy  0x00000000001135c0      0x108 /opt/devkitpro/devkitARM/lib/gcc/arm-none-eabi/5.3.0/../../../../arm-none-eabi/lib/armv6k/fpu/libg.a(lib_a-stpncpy.o)
                0x00000000001135c0                stpncpy
 .text.strchr   0x00000000001136c8      0x15c /opt/devkitpro/devkitARM/lib/gcc/arm-none-eabi/5.3.0/../../../../arm-none-eabi/lib/armv6k/fpu/libg.a(lib_a-strchr.o)
                0x00000000001136c8                strchr
 .text.strncmp  0x0000000000113824      0x11c /opt/devkitpro/devkitARM/lib/gcc/arm-none-eabi/5.3.0/../../../../arm-none-eabi/lib/armv6k/fpu/libg.a(lib_a-strncmp.o)
                0x0000000000113824                strncmp
 .text.unlikely.sulp
                0x0000000000113940       0x58 /opt/devkitpro/devkitARM/lib/gcc/arm-none-eabi/5.3.0/../../../../arm-none-eabi/lib/armv6k/fpu/libg.a(lib_a-strtod.o)
 .text._strtod_r
                0x0000000000113998     0x1450 /opt/devkitpro/devkitARM/lib/gcc/arm-none-eabi/5.3.0/../../../../arm-none-eabi/lib/armv6k/fpu/libg.a(lib_a-strtod.o)
                0x0000000000113998                _strtod_r
 .text._strtoll_r
                0x0000000000114de8      0x25c /opt/devkitpro/devkitARM/lib/gcc/arm-none-eabi/5.3.0/../../../../arm-none-eabi/lib/armv6k/fpu/libg.a(lib_a-strtoll_r.o)
                0x0000000000114de8                _strtoll_r
 .text._strtol_r
                0x0000000000115044      0x1d4 /opt/devkitpro/devkitARM/lib/gcc/arm-none-eabi/5.3.0/../../../../arm-none-eabi/lib/armv6k/fpu/libg.a(lib_a-strtol.o)
                0x0000000000115044                _strtol_r
 .text._strtoull_r
                0x0000000000115218      0x268 /opt/devkitpro/devkitARM/lib/gcc/arm-none-eabi/5.3.0/../../../../arm-none-eabi/lib/armv6k/fpu/libg.a(lib_a-strtoull_r.o)
                0x0000000000115218                _strtoull_r
 .text._strtoul_r
                0x0000000000115480      0x1d4 /opt/devkitpro/devkitARM/lib/gcc/arm-none-eabi/5.3.0/../../../../arm-none-eabi/lib/armv6k/fpu/libg.a(lib_a-strtoul.o)
                0x0000000000115480                _strtoul_r
 .text.__ssprint_r
                0x0000000000115654      0x1a8 /opt/devkitpro/devkitARM/lib/gcc/arm-none-eabi/5.3.0/../../../../arm-none-eabi/lib/armv6k/fpu/libg.a(lib_a-svfiprintf.o)
                0x0000000000115654                __ssprint_r
 .text._sungetc_r
                0x00000000001157fc       0xf8 /opt/devkitpro/devkitARM/lib/gcc/arm-none-eabi/5.3.0/../../../../arm-none-eabi/lib/armv6k/fpu/libg.a(lib_a-svfiscanf.o)
                0x00000000001157fc                _sungetc_r
 .text.__ssrefill_r
                0x00000000001158f4       0x6c /opt/devkitpro/devkitARM/lib/gcc/arm-none-eabi/5.3.0/../../../../arm-none-eabi/lib/armv6k/fpu/libg.a(lib_a-svfiscanf.o)
                0x00000000001158f4                __ssrefill_r
 .text._sfread_r
                0x0000000000115960       0xc8 /opt/devkitpro/devkitARM/lib/gcc/arm-none-eabi/5.3.0/../../../../arm-none-eabi/lib/armv6k/fpu/libg.a(lib_a-svfiscanf.o)
                0x0000000000115960                _sfread_r
 .text.get_arg  0x0000000000115a28     0x161c /opt/devkitpro/devkitARM/lib/gcc/arm-none-eabi/5.3.0/../../../../arm-none-eabi/lib/armv6k/fpu/libg.a(lib_a-svfprintf.o)
 *fill*         0x0000000000117044        0x4 
 .text._svfprintf_r
                0x0000000000117048     0x4a00 /opt/devkitpro/devkitARM/lib/gcc/arm-none-eabi/5.3.0/../../../../arm-none-eabi/lib/armv6k/fpu/libg.a(lib_a-svfprintf.o)
                0x0000000000117048                _svfprintf_r
 .text.__submore
                0x000000000011ba48       0xa8 /opt/devkitpro/devkitARM/lib/gcc/arm-none-eabi/5.3.0/../../../../arm-none-eabi/lib/armv6k/fpu/libg.a(lib_a-ungetc.o)
                0x000000000011ba48                __submore
 .text.get_arg  0x000000000011baf0     0x161c /opt/devkitpro/devkitARM/lib/gcc/arm-none-eabi/5.3.0/../../../../arm-none-eabi/lib/armv6k/fpu/libg.a(lib_a-vfprintf.o)
 *fill*         0x000000000011d10c        0x4 
 .text._vfprintf_r
                0x000000000011d110     0x4878 /opt/devkitpro/devkitARM/lib/gcc/arm-none-eabi/5.3.0/../../../../arm-none-eabi/lib/armv6k/fpu/libg.a(lib_a-vfprintf.o)
                0x000000000011d110                _vfprintf_r
 .text.__sbprintf
                0x0000000000121988       0xcc /opt/devkitpro/devkitARM/lib/gcc/arm-none-eabi/5.3.0/../../../../arm-none-eabi/lib/armv6k/fpu/libg.a(lib_a-vfprintf.o)
 .text.__swbuf_r
                0x0000000000121a54      0x124 /opt/devkitpro/devkitARM/lib/gcc/arm-none-eabi/5.3.0/../../../../arm-none-eabi/lib/armv6k/fpu/libg.a(lib_a-wbuf.o)
                0x0000000000121a54                __swbuf_r
 .text._wcsnrtombs_r
                0x0000000000121b78      0x190 /opt/devkitpro/devkitARM/lib/gcc/arm-none-eabi/5.3.0/../../../../arm-none-eabi/lib/armv6k/fpu/libg.a(lib_a-wcsnrtombs.o)
                0x0000000000121b78                _wcsnrtombs_r
 .text.quorem   0x0000000000121d08      0x1bc /opt/devkitpro/devkitARM/lib/gcc/arm-none-eabi/5.3.0/../../../../arm-none-eabi/lib/armv6k/fpu/libg.a(lib_a-dtoa.o)
 *fill*         0x0000000000121ec4        0x4 
 .text._dtoa_r  0x0000000000121ec8     0x12c8 /opt/devkitpro/devkitARM/lib/gcc/arm-none-eabi/5.3.0/../../../../arm-none-eabi/lib/armv6k/fpu/libg.a(lib_a-dtoa.o)
                0x0000000000121ec8                _dtoa_r
 .text._fclose_r
                0x0000000000123190      0x120 /opt/devkitpro/devkitARM/lib/gcc/arm-none-eabi/5.3.0/../../../../arm-none-eabi/lib/armv6k/fpu/libg.a(lib_a-fclose.o)
                0x0000000000123190                _fclose_r
 .text.rshift   0x00000000001232b0       0xec /opt/devkitpro/devkitARM/lib/gcc/arm-none-eabi/5.3.0/../../../../arm-none-eabi/lib/armv6k/fpu/libg.a(lib_a-gdtoa-gethex.o)
 .text.__gethex
                0x000000000012339c      0x7d0 /opt/devkitpro/devkitARM/lib/gcc/arm-none-eabi/5.3.0/../../../../arm-none-eabi/lib/armv6k/fpu/libg.a(lib_a-gdtoa-gethex.o)
                0x000000000012339c                __gethex
 .text.__hexnan
                0x0000000000123b6c      0x258 /opt/devkitpro/devkitARM/lib/gcc/arm-none-eabi/5.3.0/../../../../arm-none-eabi/lib/armv6k/fpu/libg.a(lib_a-gdtoa-hexnan.o)
                0x0000000000123b6c                __hexnan
 .text._Balloc  0x0000000000123dc4       0x8c /opt/devkitpro/devkitARM/lib/gcc/arm-none-eabi/5.3.0/../../../../arm-none-eabi/lib/armv6k/fpu/libg.a(lib_a-mprec.o)
                0x0000000000123dc4                _Balloc
 .text._Bfree   0x0000000000123e50       0x1c /opt/devkitpro/devkitARM/lib/gcc/arm-none-eabi/5.3.0/../../../../arm-none-eabi/lib/armv6k/fpu/libg.a(lib_a-mprec.o)
                0x0000000000123e50                _Bfree
 .text.__multadd
                0x0000000000123e6c       0xd0 /opt/devkitpro/devkitARM/lib/gcc/arm-none-eabi/5.3.0/../../../../arm-none-eabi/lib/armv6k/fpu/libg.a(lib_a-mprec.o)
                0x0000000000123e6c                __multadd
 .text.__s2b    0x0000000000123f3c       0xe4 /opt/devkitpro/devkitARM/lib/gcc/arm-none-eabi/5.3.0/../../../../arm-none-eabi/lib/armv6k/fpu/libg.a(lib_a-mprec.o)
                0x0000000000123f3c                __s2b
 .text.__hi0bits
                0x0000000000124020       0x5c /opt/devkitpro/devkitARM/lib/gcc/arm-none-eabi/5.3.0/../../../../arm-none-eabi/lib/armv6k/fpu/libg.a(lib_a-mprec.o)
                0x0000000000124020                __hi0bits
 .text.__lo0bits
                0x000000000012407c       0x98 /opt/devkitpro/devkitARM/lib/gcc/arm-none-eabi/5.3.0/../../../../arm-none-eabi/lib/armv6k/fpu/libg.a(lib_a-mprec.o)
                0x000000000012407c                __lo0bits
 .text.__i2b    0x0000000000124114       0x20 /opt/devkitpro/devkitARM/lib/gcc/arm-none-eabi/5.3.0/../../../../arm-none-eabi/lib/armv6k/fpu/libg.a(lib_a-mprec.o)
                0x0000000000124114                __i2b
 .text.__multiply
                0x0000000000124134      0x1dc /opt/devkitpro/devkitARM/lib/gcc/arm-none-eabi/5.3.0/../../../../arm-none-eabi/lib/armv6k/fpu/libg.a(lib_a-mprec.o)
                0x0000000000124134                __multiply
 .text.__pow5mult
                0x0000000000124310      0x100 /opt/devkitpro/devkitARM/lib/gcc/arm-none-eabi/5.3.0/../../../../arm-none-eabi/lib/armv6k/fpu/libg.a(lib_a-mprec.o)
                0x0000000000124310                __pow5mult
 .text.__lshift
                0x0000000000124410       0xf0 /opt/devkitpro/devkitARM/lib/gcc/arm-none-eabi/5.3.0/../../../../arm-none-eabi/lib/armv6k/fpu/libg.a(lib_a-mprec.o)
                0x0000000000124410                __lshift
 .text.__mcmp   0x0000000000124500       0x64 /opt/devkitpro/devkitARM/lib/gcc/arm-none-eabi/5.3.0/../../../../arm-none-eabi/lib/armv6k/fpu/libg.a(lib_a-mprec.o)
                0x0000000000124500                __mcmp
 .text.__mdiff  0x0000000000124564      0x198 /opt/devkitpro/devkitARM/lib/gcc/arm-none-eabi/5.3.0/../../../../arm-none-eabi/lib/armv6k/fpu/libg.a(lib_a-mprec.o)
                0x0000000000124564                __mdiff
 .text.__ulp    0x00000000001246fc       0x78 /opt/devkitpro/devkitARM/lib/gcc/arm-none-eabi/5.3.0/../../../../arm-none-eabi/lib/armv6k/fpu/libg.a(lib_a-mprec.o)
                0x00000000001246fc                __ulp
 .text.__b2d    0x0000000000124774       0xd4 /opt/devkitpro/devkitARM/lib/gcc/arm-none-eabi/5.3.0/../../../../arm-none-eabi/lib/armv6k/fpu/libg.a(lib_a-mprec.o)
                0x0000000000124774                __b2d
 .text.__d2b    0x0000000000124848      0x104 /opt/devkitpro/devkitARM/lib/gcc/arm-none-eabi/5.3.0/../../../../arm-none-eabi/lib/armv6k/fpu/libg.a(lib_a-mprec.o)
                0x0000000000124848                __d2b
 .text.__ratio  0x000000000012494c       0x78 /opt/devkitpro/devkitARM/lib/gcc/arm-none-eabi/5.3.0/../../../../arm-none-eabi/lib/armv6k/fpu/libg.a(lib_a-mprec.o)
                0x000000000012494c                __ratio
 .text.__copybits
                0x00000000001249c4       0x6c /opt/devkitpro/devkitARM/lib/gcc/arm-none-eabi/5.3.0/../../../../arm-none-eabi/lib/armv6k/fpu/libg.a(lib_a-mprec.o)
                0x00000000001249c4                __copybits
 .text.__any_on
                0x0000000000124a30       0x80 /opt/devkitpro/devkitARM/lib/gcc/arm-none-eabi/5.3.0/../../../../arm-none-eabi/lib/armv6k/fpu/libg.a(lib_a-mprec.o)
                0x0000000000124a30                __any_on
 .text.frexp    0x0000000000124ab0       0x98 /opt/devkitpro/devkitARM/lib/gcc/arm-none-eabi/5.3.0/../../../../arm-none-eabi/lib/armv6k/fpu/libg.a(lib_a-s_frexp.o)
                0x0000000000124ab0                frexp
 .text._calloc_r
                0x0000000000124b48       0x90 /opt/devkitpro/devkitARM/lib/gcc/arm-none-eabi/5.3.0/../../../../arm-none-eabi/lib/armv6k/fpu/libg.a(lib_a-callocr.o)
                0x0000000000124b48                _calloc_r
 .text.strnlen  0x0000000000124bd8       0x5c /opt/devkitpro/devkitARM/lib/gcc/arm-none-eabi/5.3.0/../../../../arm-none-eabi/lib/armv6k/fpu/libg.a(lib_a-strnlen.o)
                0x0000000000124bd8                strnlen
 .text.strrchr  0x0000000000124c34       0x44 /opt/devkitpro/devkitARM/lib/gcc/arm-none-eabi/5.3.0/../../../../arm-none-eabi/lib/armv6k/fpu/libg.a(lib_a-strrchr.o)
                0x0000000000124c34                strrchr
 *(.glue_7)
 .glue_7        0x0000000000124c78        0x0 linker stubs
 *(.glue_7t)
 .glue_7t       0x0000000000124c78        0x0 linker stubs
 *(.stub)
 *(.gnu.warning)
 *(.gnu.linkonce.t*)
                0x0000000000124c78                . = ALIGN (0x4)
 *(.fini)
 .fini          0x0000000000124c78        0xc /opt/devkitpro/devkitARM/lib/gcc/arm-none-eabi/5.3.0/armv6k/fpu/crti.o
                0x0000000000124c78                _fini
 .fini          0x0000000000124c84        0xc /opt/devkitpro/devkitARM/lib/gcc/arm-none-eabi/5.3.0/armv6k/fpu/crtn.o
                0x0000000000124c90                . = ALIGN (0x4)

.vfp11_veneer   0x0000000000124c90        0x0
 .vfp11_veneer  0x0000000000124c90        0x0 linker stubs

.v4_bx          0x0000000000124c90        0x0
 .v4_bx         0x0000000000124c90        0x0 linker stubs

.iplt           0x0000000000124c90        0x0
 .iplt          0x0000000000124c90        0x0 /opt/devkitpro/devkitARM/lib/gcc/arm-none-eabi/5.3.0/../../../../arm-none-eabi/lib/armv6k/fpu/3dsx_crt0.o

.rodata         0x0000000000125000     0x52b0
 *(.rodata)
 .rodata        0x0000000000125000       0x40 nanojpeg.o
 .rodata        0x0000000000125040      0x168 /opt/devkitpro/libctru/lib/libctru.a(console.o)
 .rodata        0x00000000001251a8       0x1c /opt/devkitpro/libctru/lib/libctru.a(gfx.o)
 .rodata        0x00000000001251c4        0xc /opt/devkitpro/libctru/lib/libctru.a(apt.o)
 .rodata        0x00000000001251d0       0x50 /opt/devkitpro/libctru/lib/libctru.a(soc_common.o)
 .rodata        0x0000000000125220      0x804 /opt/devkitpro/libctru/lib/libctru.a(default_font.bin.o)
                0x0000000000125220                default_font_bin
                0x0000000000125a20                default_font_bin_end
                0x0000000000125a20                default_font_bin_size
 .rodata        0x0000000000125a24       0x3c /opt/devkitpro/libctru/lib/libctru.a(sdmc_dev.o)
 .rodata        0x0000000000125a60       0x68 /opt/devkitpro/devkitARM/lib/gcc/arm-none-eabi/5.3.0/../../../../arm-none-eabi/lib/armv6k/fpu/libsysbase.a(iosupport.o)
                0x0000000000125a60                dotab_stdnull
 .rodata        0x0000000000125ac8        0xc /opt/devkitpro/devkitARM/lib/gcc/arm-none-eabi/5.3.0/../../../../arm-none-eabi/lib/armv6k/fpu/libsysbase.a(chdir.o)
                0x0000000000125ac8                DIRECTORY_PARENT
                0x0000000000125acc                DIRECTORY_THIS
                0x0000000000125ad0                DIRECTORY_SEPARATOR
 *(.roda)
 *(.rodata.*)
 .rodata.str1.4
                0x0000000000125ad4      0x3dd client.o
                                        0x3e0 (size before relaxing)
 *fill*         0x0000000000125eb1        0x3 
 .rodata.str1.4
                0x0000000000125eb4       0x70 /opt/devkitpro/libctru/lib/libctru.a(console.o)
 .rodata.str1.4
                0x0000000000125f24        0x9 /opt/devkitpro/libctru/lib/libctru.a(gspgpu.o)
                                          0xc (size before relaxing)
 *fill*         0x0000000000125f2d        0x3 
 .rodata.str1.4
                0x0000000000125f30       0x15 /opt/devkitpro/libctru/lib/libctru.a(hid.o)
                                         0x18 (size before relaxing)
 *fill*         0x0000000000125f45        0x3 
 .rodata.str1.4
                0x0000000000125f48       0x16 /opt/devkitpro/libctru/lib/libctru.a(apt.o)
                                         0x18 (size before relaxing)
 *fill*         0x0000000000125f5e        0x2 
 .rodata.str1.4
                0x0000000000125f60        0x9 /opt/devkitpro/libctru/lib/libctru.a(ptmsysm.o)
                                          0xc (size before relaxing)
 *fill*         0x0000000000125f69        0x3 
 .rodata.str1.4
                0x0000000000125f6c        0x4 /opt/devkitpro/libctru/lib/libctru.a(soc_connect.o)
 .rodata.str1.4
                0x0000000000125f70        0x5 /opt/devkitpro/libctru/lib/libctru.a(soc_socket.o)
                                          0x8 (size before relaxing)
 *fill*         0x0000000000125f75        0x3 
 .rodata.str1.4
                0x0000000000125f78        0x6 /opt/devkitpro/libctru/lib/libctru.a(soc_init.o)
                                         0x14 (size before relaxing)
 .rodata.str1.4
                0x0000000000125f7e        0x4 /opt/devkitpro/libctru/lib/libctru.a(soc_sendto.o)
 .rodata.str1.4
                0x0000000000125f7e        0x4 /opt/devkitpro/libctru/lib/libctru.a(soc_recvfrom.o)
 *fill*         0x0000000000125f7e        0x2 
 .rodata.str1.4
                0x0000000000125f80        0x5 /opt/devkitpro/libctru/lib/libctru.a(srv.o)
                                          0x8 (size before relaxing)
 *fill*         0x0000000000125f85        0x3 
 .rodata.str1.4
                0x0000000000125f88        0x2 /opt/devkitpro/libctru/lib/libctru.a(thread.o)
                                          0x4 (size before relaxing)
 *fill*         0x0000000000125f8a        0x2 
 .rodata.str1.4
                0x0000000000125f8c        0x7 /opt/devkitpro/libctru/lib/libctru.a(irrst.o)
                                          0x8 (size before relaxing)
 *fill*         0x0000000000125f93        0x1 
 .rodata.str1.4
                0x0000000000125f94        0xd /opt/devkitpro/libctru/lib/libctru.a(sdmc_dev.o)
                                         0x14 (size before relaxing)
 *fill*         0x0000000000125fa1        0x3 
 .rodata.str1.4
                0x0000000000125fa4        0x8 /opt/devkitpro/libctru/lib/libctru.a(fs.o)
                                          0xc (size before relaxing)
 .rodata._ctype_
                0x0000000000125fac      0x104 /opt/devkitpro/devkitARM/lib/gcc/arm-none-eabi/5.3.0/../../../../arm-none-eabi/lib/armv6k/fpu/libg.a(lib_a-ctype_.o)
                0x0000000000125fac                _ctype_
 .rodata.str1.4
                0x00000000001260b0        0x4 /opt/devkitpro/devkitARM/lib/gcc/arm-none-eabi/5.3.0/../../../../arm-none-eabi/lib/armv6k/fpu/libg.a(lib_a-impure.o)
 .rodata._global_impure_ptr
                0x00000000001260b0        0x4 /opt/devkitpro/devkitARM/lib/gcc/arm-none-eabi/5.3.0/../../../../arm-none-eabi/lib/armv6k/fpu/libg.a(lib_a-impure.o)
                0x00000000001260b0                _global_impure_ptr
 .rodata.str1.4
                0x00000000001260b4      0x6fd /opt/devkitpro/devkitARM/lib/gcc/arm-none-eabi/5.3.0/../../../../arm-none-eabi/lib/armv6k/fpu/libg.a(lib_a-strerror.o)
                                        0x704 (size before relaxing)
 *fill*         0x00000000001267b1        0x3 
 .rodata.basefix.7044
                0x00000000001267b4       0x24 /opt/devkitpro/devkitARM/lib/gcc/arm-none-eabi/5.3.0/../../../../arm-none-eabi/lib/armv6k/fpu/libg.a(lib_a-svfscanf.o)
 .rodata.str1.4
                0x00000000001267d8        0x5 /opt/devkitpro/devkitARM/lib/gcc/arm-none-eabi/5.3.0/../../../../arm-none-eabi/lib/armv6k/fpu/libg.a(lib_a-svfscanf.o)
                                          0x8 (size before relaxing)
 *fill*         0x00000000001267dd        0x3 
 .rodata.a1     0x00000000001267e0       0xbc /opt/devkitpro/devkitARM/lib/gcc/arm-none-eabi/5.3.0/../../../../arm-none-eabi/lib/armv6k/fpu/libg.a(lib_a-jp2uc.o)
 .rodata.a2     0x000000000012689c       0xbc /opt/devkitpro/devkitARM/lib/gcc/arm-none-eabi/5.3.0/../../../../arm-none-eabi/lib/armv6k/fpu/libg.a(lib_a-jp2uc.o)
 .rodata.a3     0x0000000000126958       0x5c /opt/devkitpro/devkitARM/lib/gcc/arm-none-eabi/5.3.0/../../../../arm-none-eabi/lib/armv6k/fpu/libg.a(lib_a-jp2uc.o)
 .rodata.a6     0x00000000001269b4       0x70 /opt/devkitpro/devkitARM/lib/gcc/arm-none-eabi/5.3.0/../../../../arm-none-eabi/lib/armv6k/fpu/libg.a(lib_a-jp2uc.o)
 .rodata.a7     0x0000000000126a24       0xa4 /opt/devkitpro/devkitARM/lib/gcc/arm-none-eabi/5.3.0/../../../../arm-none-eabi/lib/armv6k/fpu/libg.a(lib_a-jp2uc.o)
 .rodata.a8     0x0000000000126ac8       0x40 /opt/devkitpro/devkitARM/lib/gcc/arm-none-eabi/5.3.0/../../../../arm-none-eabi/lib/armv6k/fpu/libg.a(lib_a-jp2uc.o)
 .rodata.str1.4
                0x0000000000126b08       0x12 /opt/devkitpro/devkitARM/lib/gcc/arm-none-eabi/5.3.0/../../../../arm-none-eabi/lib/armv6k/fpu/libg.a(lib_a-jp2uc.o)
                                         0x14 (size before relaxing)
 *fill*         0x0000000000126b1a        0x2 
 .rodata.b02cf  0x0000000000126b1c     0x172c /opt/devkitpro/devkitARM/lib/gcc/arm-none-eabi/5.3.0/../../../../arm-none-eabi/lib/armv6k/fpu/libg.a(lib_a-jp2uc.o)
 .rodata.d02f4  0x0000000000128248     0x1a7c /opt/devkitpro/devkitARM/lib/gcc/arm-none-eabi/5.3.0/../../../../arm-none-eabi/lib/armv6k/fpu/libg.a(lib_a-jp2uc.o)
 .rodata.str1.4
                0x0000000000129cc4      0x112 /opt/devkitpro/devkitARM/lib/gcc/arm-none-eabi/5.3.0/../../../../arm-none-eabi/lib/armv6k/fpu/libg.a(lib_a-locale.o)
                                        0x130 (size before relaxing)
 .rodata.str1.4
                0x0000000000129dd6        0x4 /opt/devkitpro/devkitARM/lib/gcc/arm-none-eabi/5.3.0/../../../../arm-none-eabi/lib/armv6k/fpu/libg.a(lib_a-mbrtowc.o)
 *fill*         0x0000000000129dd6        0x2 
 .rodata.fpinan.5417
                0x0000000000129dd8       0x14 /opt/devkitpro/devkitARM/lib/gcc/arm-none-eabi/5.3.0/../../../../arm-none-eabi/lib/armv6k/fpu/libg.a(lib_a-strtod.o)
 .rodata.str1.4
                0x0000000000129dec        0xf /opt/devkitpro/devkitARM/lib/gcc/arm-none-eabi/5.3.0/../../../../arm-none-eabi/lib/armv6k/fpu/libg.a(lib_a-strtod.o)
                                         0x10 (size before relaxing)
 *fill*         0x0000000000129dfb        0x1 
 .rodata.fpi.5381
                0x0000000000129dfc       0x14 /opt/devkitpro/devkitARM/lib/gcc/arm-none-eabi/5.3.0/../../../../arm-none-eabi/lib/armv6k/fpu/libg.a(lib_a-strtod.o)
 .rodata.tinytens
                0x0000000000129e10       0x28 /opt/devkitpro/devkitARM/lib/gcc/arm-none-eabi/5.3.0/../../../../arm-none-eabi/lib/armv6k/fpu/libg.a(lib_a-strtod.o)
 .rodata.__state_table
                0x0000000000129e38       0x6c /opt/devkitpro/devkitARM/lib/gcc/arm-none-eabi/5.3.0/../../../../arm-none-eabi/lib/armv6k/fpu/libg.a(lib_a-svfiprintf.o)
                0x0000000000129e38                __state_table
 .rodata.__chclass
                0x0000000000129ea4      0x100 /opt/devkitpro/devkitARM/lib/gcc/arm-none-eabi/5.3.0/../../../../arm-none-eabi/lib/armv6k/fpu/libg.a(lib_a-svfiprintf.o)
                0x0000000000129ea4                __chclass
 .rodata.__action_table
                0x0000000000129fa4       0x6c /opt/devkitpro/devkitARM/lib/gcc/arm-none-eabi/5.3.0/../../../../arm-none-eabi/lib/armv6k/fpu/libg.a(lib_a-svfiprintf.o)
                0x0000000000129fa4                __action_table
 .rodata.blanks.7122
                0x000000000012a010       0x10 /opt/devkitpro/devkitARM/lib/gcc/arm-none-eabi/5.3.0/../../../../arm-none-eabi/lib/armv6k/fpu/libg.a(lib_a-svfprintf.o)
 .rodata.str1.4
                0x000000000012a020       0x42 /opt/devkitpro/devkitARM/lib/gcc/arm-none-eabi/5.3.0/../../../../arm-none-eabi/lib/armv6k/fpu/libg.a(lib_a-svfprintf.o)
                                         0x44 (size before relaxing)
 *fill*         0x000000000012a062        0x2 
 .rodata.zeroes.7123
                0x000000000012a064       0x10 /opt/devkitpro/devkitARM/lib/gcc/arm-none-eabi/5.3.0/../../../../arm-none-eabi/lib/armv6k/fpu/libg.a(lib_a-svfprintf.o)
 .rodata.zeroes.7138
                0x000000000012a074       0x10 /opt/devkitpro/devkitARM/lib/gcc/arm-none-eabi/5.3.0/../../../../arm-none-eabi/lib/armv6k/fpu/libg.a(lib_a-vfprintf.o)
 .rodata.str1.4
                0x000000000012a084       0x44 /opt/devkitpro/devkitARM/lib/gcc/arm-none-eabi/5.3.0/../../../../arm-none-eabi/lib/armv6k/fpu/libg.a(lib_a-vfprintf.o)
 .rodata.blanks.7137
                0x000000000012a084       0x10 /opt/devkitpro/devkitARM/lib/gcc/arm-none-eabi/5.3.0/../../../../arm-none-eabi/lib/armv6k/fpu/libg.a(lib_a-vfprintf.o)
 .rodata.str1.4
                0x000000000012a094       0x10 /opt/devkitpro/devkitARM/lib/gcc/arm-none-eabi/5.3.0/../../../../arm-none-eabi/lib/armv6k/fpu/libg.a(lib_a-dtoa.o)
                                         0x14 (size before relaxing)
 .rodata.__hexdig
                0x000000000012a0a4      0x100 /opt/devkitpro/devkitARM/lib/gcc/arm-none-eabi/5.3.0/../../../../arm-none-eabi/lib/armv6k/fpu/libg.a(lib_a-gdtoa-gethex.o)
                0x000000000012a0a4                __hexdig
 *fill*         0x000000000012a1a4        0x4 
 .rodata.__mprec_tens
                0x000000000012a1a8       0xc8 /opt/devkitpro/devkitARM/lib/gcc/arm-none-eabi/5.3.0/../../../../arm-none-eabi/lib/armv6k/fpu/libg.a(lib_a-mprec.o)
                0x000000000012a1a8                __mprec_tens
 .rodata.p05.5412
                0x000000000012a270        0xc /opt/devkitpro/devkitARM/lib/gcc/arm-none-eabi/5.3.0/../../../../arm-none-eabi/lib/armv6k/fpu/libg.a(lib_a-mprec.o)
 *fill*         0x000000000012a27c        0x4 
 .rodata.__mprec_bigtens
                0x000000000012a280       0x28 /opt/devkitpro/devkitARM/lib/gcc/arm-none-eabi/5.3.0/../../../../arm-none-eabi/lib/armv6k/fpu/libg.a(lib_a-mprec.o)
                0x000000000012a280                __mprec_bigtens
 .rodata.str1.4
                0x000000000012a2a8        0x8 /opt/devkitpro/devkitARM/lib/gcc/arm-none-eabi/5.3.0/../../../../arm-none-eabi/lib/armv6k/fpu/libsysbase.a(iosupport.o)
 *all.rodata*(*)
 *(.gnu.linkonce.r*)
                0x000000000012a2b0                . = ALIGN (0x4)

.eh_frame       0x000000000012a2b0        0x0
 .eh_frame      0x000000000012a2b0        0x0 /opt/devkitpro/devkitARM/lib/gcc/arm-none-eabi/5.3.0/armv6k/fpu/crtbegin.o

.rel.dyn        0x000000000012a2b0        0x0
 .rel.iplt      0x000000000012a2b0        0x0 /opt/devkitpro/devkitARM/lib/gcc/arm-none-eabi/5.3.0/../../../../arm-none-eabi/lib/armv6k/fpu/3dsx_crt0.o

.ARM.extab
 *(.ARM.extab* .gnu.linkonce.armextab.*)
                0x000000000012a2b0                __exidx_start = .

ARM.exidx
 *(.ARM.exidx* .gnu.linkonce.armexidx.*)
                0x000000000012a2b0                __exidx_end = .

.data           0x000000000012b000     0x2ea0
 *(.data)
 .data          0x000000000012b000        0x1 client.o
 *fill*         0x000000000012b001        0x3 
 .data          0x000000000012b004       0x54 /opt/devkitpro/libctru/lib/libctru.a(console.o)
                0x000000000012b004                defaultConsole
                0x000000000012b050                currentConsole
 .data          0x000000000012b058        0xc /opt/devkitpro/libctru/lib/libctru.a(gfx.o)
 .data          0x000000000012b064        0x4 /opt/devkitpro/libctru/lib/libctru.a(gspgpu.o)
 .data          0x000000000012b068        0x4 /opt/devkitpro/libctru/lib/libctru.a(apt.o)
 .data          0x000000000012b06c       0x68 /opt/devkitpro/libctru/lib/libctru.a(soc_init.o)
 .data          0x000000000012b0d4        0x4 /opt/devkitpro/libctru/lib/libctru.a(allocateHeaps.o)
                0x000000000012b0d4                __ctru_linear_heap_size
 .data          0x000000000012b0d8        0x4 /opt/devkitpro/libctru/lib/libctru.a(stack_adjust.o)
                0x000000000012b0d8                __stacksize__
 .data          0x000000000012b0dc      0x46c /opt/devkitpro/libctru/lib/libctru.a(sdmc_dev.o)
 .data          0x000000000012b548       0x44 /opt/devkitpro/devkitARM/lib/gcc/arm-none-eabi/5.3.0/../../../../arm-none-eabi/lib/armv6k/fpu/libsysbase.a(iosupport.o)
                0x000000000012b54c                devoptab_list
 .data          0x000000000012b58c     0x1000 /opt/devkitpro/devkitARM/lib/gcc/arm-none-eabi/5.3.0/../../../../arm-none-eabi/lib/armv6k/fpu/libsysbase.a(chdir.o)
 .data          0x000000000012c58c     0x1028 /opt/devkitpro/devkitARM/lib/gcc/arm-none-eabi/5.3.0/../../../../arm-none-eabi/lib/armv6k/fpu/libsysbase.a(handle_manager.o)
 *(.data.*)
 .data.__ctype_ptr__
                0x000000000012d5b4        0x4 /opt/devkitpro/devkitARM/lib/gcc/arm-none-eabi/5.3.0/../../../../arm-none-eabi/lib/armv6k/fpu/libg.a(lib_a-ctype_.o)
                0x000000000012d5b4                __ctype_ptr__
 .data.impure_data
                0x000000000012d5b8      0x440 /opt/devkitpro/devkitARM/lib/gcc/arm-none-eabi/5.3.0/../../../../arm-none-eabi/lib/armv6k/fpu/libg.a(lib_a-impure.o)
 .data._impure_ptr
                0x000000000012d9f8        0x4 /opt/devkitpro/devkitARM/lib/gcc/arm-none-eabi/5.3.0/../../../../arm-none-eabi/lib/armv6k/fpu/libg.a(lib_a-impure.o)
                0x000000000012d9f8                _impure_ptr
 .data.__malloc_av_
                0x000000000012d9fc      0x408 /opt/devkitpro/devkitARM/lib/gcc/arm-none-eabi/5.3.0/../../../../arm-none-eabi/lib/armv6k/fpu/libg.a(lib_a-mallocr.o)
                0x000000000012d9fc                __malloc_av_
 .data.__malloc_trim_threshold
                0x000000000012de04        0x4 /opt/devkitpro/devkitARM/lib/gcc/arm-none-eabi/5.3.0/../../../../arm-none-eabi/lib/armv6k/fpu/libg.a(lib_a-mallocr.o)